Component: ARM Compiler 5.06 update 5 (build 528) Tool: armlink [4d35e2]

==============================================================================

Section Cross References

    startup_stm32f407xx.o(STACK) refers (Special) to heapauxi.o(.text) for __use_two_region_memory
    startup_stm32f407xx.o(HEAP) refers (Special) to heapauxi.o(.text) for __use_two_region_memory
    startup_stm32f407xx.o(RESET) refers (Special) to heapauxi.o(.text) for __use_two_region_memory
    startup_stm32f407xx.o(RESET) refers to startup_stm32f407xx.o(STACK) for __initial_sp
    startup_stm32f407xx.o(RESET) refers to startup_stm32f407xx.o(.text) for Reset_Handler
    startup_stm32f407xx.o(RESET) refers to port.o(.emb_text) for SVC_Handler
    startup_stm32f407xx.o(RESET) refers to system.o(i.SysTick_Handler) for SysTick_Handler
    startup_stm32f407xx.o(RESET) refers to exti.o(i.EXTI0_IRQHandler) for EXTI0_IRQHandler
    startup_stm32f407xx.o(RESET) refers to exti.o(i.EXTI1_IRQHandler) for EXTI1_IRQHandler
    startup_stm32f407xx.o(RESET) refers to exti.o(i.EXTI2_IRQHandler) for EXTI2_IRQHandler
    startup_stm32f407xx.o(RESET) refers to exti.o(i.EXTI3_IRQHandler) for EXTI3_IRQHandler
    startup_stm32f407xx.o(RESET) refers to exti.o(i.EXTI4_IRQHandler) for EXTI4_IRQHandler
    startup_stm32f407xx.o(RESET) refers to exti.o(i.EXTI9_5_IRQHandler) for EXTI9_5_IRQHandler
    startup_stm32f407xx.o(RESET) refers to timer.o(i.TIM1_CC_IRQHandler) for TIM1_CC_IRQHandler
    startup_stm32f407xx.o(RESET) refers to timer.o(i.TIM2_IRQHandler) for TIM2_IRQHandler
    startup_stm32f407xx.o(RESET) refers to timer.o(i.TIM3_IRQHandler) for TIM3_IRQHandler
    startup_stm32f407xx.o(RESET) refers to timer.o(i.TIM4_IRQHandler) for TIM4_IRQHandler
    startup_stm32f407xx.o(RESET) refers to serial_uart_stm32f4xx.o(i.USART1_IRQHandler) for USART1_IRQHandler
    startup_stm32f407xx.o(RESET) refers to serial_uart_stm32f4xx.o(i.USART3_IRQHandler) for USART3_IRQHandler
    startup_stm32f407xx.o(RESET) refers to exti.o(i.EXTI15_10_IRQHandler) for EXTI15_10_IRQHandler
    startup_stm32f407xx.o(RESET) refers to serial_uart_stm32f4xx.o(i.USART6_IRQHandler) for USART6_IRQHandler
    startup_stm32f407xx.o(.text) refers (Special) to heapauxi.o(.text) for __use_two_region_memory
    startup_stm32f407xx.o(.text) refers to system_stm32f4xx.o(i.SystemInit) for SystemInit
    startup_stm32f407xx.o(.text) refers to __main.o(!!!main) for __main
    startup_stm32f407xx.o(.text) refers to startup_stm32f407xx.o(HEAP) for Heap_Mem
    startup_stm32f407xx.o(.text) refers to startup_stm32f407xx.o(STACK) for Stack_Mem
    stm32f4xx_flash.o(i.FLASH_EraseAllBank1Sectors) refers to stm32f4xx_flash.o(i.FLASH_WaitForLastOperation) for FLASH_WaitForLastOperation
    stm32f4xx_flash.o(i.FLASH_EraseAllBank2Sectors) refers to stm32f4xx_flash.o(i.FLASH_WaitForLastOperation) for FLASH_WaitForLastOperation
    stm32f4xx_flash.o(i.FLASH_EraseAllSectors) refers to stm32f4xx_flash.o(i.FLASH_WaitForLastOperation) for FLASH_WaitForLastOperation
    stm32f4xx_flash.o(i.FLASH_EraseSector) refers to stm32f4xx_flash.o(i.FLASH_WaitForLastOperation) for FLASH_WaitForLastOperation
    stm32f4xx_flash.o(i.FLASH_OB_Launch) refers to stm32f4xx_flash.o(i.FLASH_WaitForLastOperation) for FLASH_WaitForLastOperation
    stm32f4xx_flash.o(i.FLASH_OB_PCROP1Config) refers to stm32f4xx_flash.o(i.FLASH_WaitForLastOperation) for FLASH_WaitForLastOperation
    stm32f4xx_flash.o(i.FLASH_OB_PCROPConfig) refers to stm32f4xx_flash.o(i.FLASH_WaitForLastOperation) for FLASH_WaitForLastOperation
    stm32f4xx_flash.o(i.FLASH_OB_RDPConfig) refers to stm32f4xx_flash.o(i.FLASH_WaitForLastOperation) for FLASH_WaitForLastOperation
    stm32f4xx_flash.o(i.FLASH_OB_UserConfig) refers to stm32f4xx_flash.o(i.FLASH_WaitForLastOperation) for FLASH_WaitForLastOperation
    stm32f4xx_flash.o(i.FLASH_OB_WRP1Config) refers to stm32f4xx_flash.o(i.FLASH_WaitForLastOperation) for FLASH_WaitForLastOperation
    stm32f4xx_flash.o(i.FLASH_OB_WRPConfig) refers to stm32f4xx_flash.o(i.FLASH_WaitForLastOperation) for FLASH_WaitForLastOperation
    stm32f4xx_flash.o(i.FLASH_ProgramByte) refers to stm32f4xx_flash.o(i.FLASH_WaitForLastOperation) for FLASH_WaitForLastOperation
    stm32f4xx_flash.o(i.FLASH_ProgramDoubleWord) refers to stm32f4xx_flash.o(i.FLASH_WaitForLastOperation) for FLASH_WaitForLastOperation
    stm32f4xx_flash.o(i.FLASH_ProgramHalfWord) refers to stm32f4xx_flash.o(i.FLASH_WaitForLastOperation) for FLASH_WaitForLastOperation
    stm32f4xx_flash.o(i.FLASH_ProgramWord) refers to stm32f4xx_flash.o(i.FLASH_WaitForLastOperation) for FLASH_WaitForLastOperation
    stm32f4xx_flash.o(i.FLASH_WaitForLastOperation) refers to stm32f4xx_flash.o(i.FLASH_GetStatus) for FLASH_GetStatus
    stm32f4xx_gpio.o(i.GPIO_DeInit) refers to stm32f4xx_rcc.o(i.RCC_AHB1PeriphResetCmd) for RCC_AHB1PeriphResetCmd
[...]
    __scatterload                            0x08000191   Thumb Code     0  __scatter.o(!!!scatter)
    __scatterload_rt2                        0x08000191   Thumb Code    44  __scatter.o(!!!scatter)
    __scatterload_rt2_thumb_only             0x08000191   Thumb Code     0  __scatter.o(!!!scatter)
    __scatterload_null                       0x0800019f   Thumb Code     0  __scatter.o(!!!scatter)
    __decompress                             0x080001c5   Thumb Code    90  __dczerorl2.o(!!dczerorl2)
    __decompress1                            0x080001c5   Thumb Code     0  __dczerorl2.o(!!dczerorl2)
    __scatterload_zeroinit                   0x08000221   Thumb Code    28  __scatter_zi.o(!!handler_zi)
    _printf_d                                0x0800023d   Thumb Code     0  _printf_d.o(.ARM.Collect$$_printf_percent$$00000009)
    _printf_percent                          0x0800023d   Thumb Code     0  _printf_percent.o(.ARM.Collect$$_printf_percent$$00000000)
    _printf_x                                0x08000243   Thumb Code     0  _printf_x.o(.ARM.Collect$$_printf_percent$$0000000C)
    _printf_s                                0x08000249   Thumb Code     0  _printf_s.o(.ARM.Collect$$_printf_percent$$00000014)
    _printf_percent_end                      0x0800024f   Thumb Code     0  _printf_percent_end.o(.ARM.Collect$$_printf_percent$$00000017)
    __rt_lib_init                            0x08000253   Thumb Code     0  libinit.o(.ARM.Collect$$libinit$$00000000)
    __rt_lib_init_fp_1                       0x08000255   Thumb Code     0  libinit2.o(.ARM.Collect$$libinit$$00000001)
    __rt_lib_init_alloca_1                   0x08000259   Thumb Code     0  libinit2.o(.ARM.Collect$$libinit$$0000002E)
    __rt_lib_init_argv_1                     0x08000259   Thumb Code     0  libinit2.o(.ARM.Collect$$libinit$$0000002C)
    __rt_lib_init_atexit_1                   0x08000259   Thumb Code     0  libinit2.o(.ARM.Collect$$libinit$$0000001B)
    __rt_lib_init_clock_1                    0x08000259   Thumb Code     0  libinit2.o(.ARM.Collect$$libinit$$00000021)
    __rt_lib_init_cpp_1                      0x08000259   Thumb Code     0  libinit2.o(.ARM.Collect$$libinit$$00000032)
    __rt_lib_init_exceptions_1               0x08000259   Thumb Code     0  libinit2.o(.ARM.Collect$$libinit$$00000030)
    __rt_lib_init_fp_trap_1                  0x08000259   Thumb Code     0  libinit2.o(.ARM.Collect$$libinit$$0000001F)
    __rt_lib_init_getenv_1                   0x08000259   Thumb Code     0  libinit2.o(.ARM.Collect$$libinit$$00000023)
    __rt_lib_init_heap_1                     0x08000259   Thumb Code     0  libinit2.o(.ARM.Collect$$libinit$$0000000A)
    __rt_lib_init_lc_collate_1               0x08000259   Thumb Code     0  libinit2.o(.ARM.Collect$$libinit$$00000011)
    __rt_lib_init_lc_ctype_1                 0x08000259   Thumb Code     0  libinit2.o(.ARM.Collect$$libinit$$00000013)
    __rt_lib_init_lc_monetary_1              0x08000259   Thumb Code     0  libinit2.o(.ARM.Collect$$libinit$$00000015)
    __rt_lib_init_lc_numeric_1               0x08000259   Thumb Code     0  libinit2.o(.ARM.Collect$$libinit$$00000017)
    __rt_lib_init_lc_time_1                  0x08000259   Thumb Code     0  libinit2.o(.ARM.Collect$$libinit$$00000019)
    __rt_lib_init_preinit_1                  0x08000259   Thumb Code     0  libinit2.o(.ARM.Collect$$libinit$$00000004)
    __rt_lib_init_rand_1                     0x08000259   Thumb Code     0  libinit2.o(.ARM.Collect$$libinit$$0000000E)
    __rt_lib_init_return                     0x08000259   Thumb Code     0  libinit2.o(.ARM.Collect$$libinit$$00000033)
    __rt_lib_init_signal_1                   0x08000259   Thumb Code     0  libinit2.o(.ARM.Collect$$libinit$$0000001D)
    __rt_lib_init_stdio_1                    0x08000259   Thumb Code     0  libinit2.o(.ARM.Collect$$libinit$$00000025)
    __rt_lib_init_user_alloc_1               0x08000259   Thumb Code     0  libinit2.o(.ARM.Collect$$libinit$$0000000C)
    __rt_lib_shutdown                        0x0800025b   Thumb Code     0  libshutdown.o(.ARM.Collect$$libshutdown$$00000000)
    __rt_lib_shutdown_cpp_1                  0x0800025d   Thumb Code     0  libshutdown2.o(.ARM.Collect$$libshutdown$$00000002)
    __rt_lib_shutdown_fp_trap_1              0x0800025d   Thumb Code     0  libshutdown2.o(.ARM.Collect$$libshutdown$$00000007)
    __rt_lib_shutdown_heap_1                 0x0800025d   Thumb Code     0  libshutdown2.o(.ARM.Collect$$libshutdown$$0000000F)
    __rt_lib_shutdown_return                 0x0800025d   Thumb Code     0  libshutdown2.o(.ARM.Collect$$libshutdown$$00000010)
    __rt_lib_shutdown_signal_1               0x0800025d   Thumb Code     0  libshutdown2.o(.ARM.Collect$$libshutdown$$0000000A)
    __rt_lib_shutdown_stdio_1                0x0800025d   Thumb Code     0  libshutdown2.o(.ARM.Collect$$libshutdown$$00000004)
    __rt_lib_shutdown_user_alloc_1           0x0800025d   Thumb Code     0  libshutdown2.o(.ARM.Collect$$libshutdown$$0000000C)
    __rt_entry                               0x0800025f   Thumb Code     0  __rtentry.o(.ARM.Collect$$rtentry$$00000000)
    __rt_entry_presh_1                       0x0800025f   Thumb Code     0  __rtentry2.o(.ARM.Collect$$rtentry$$00000002)
    __rt_entry_sh                            0x0800025f   Thumb Code     0  __rtentry4.o(.ARM.Collect$$rtentry$$00000004)
    __rt_entry_li                            0x08000265   Thumb Code     0  __rtentry2.o(.ARM.Collect$$rtentry$$0000000A)
    __rt_entry_postsh_1                      0x08000265   Thumb Code     0  __rtentry2.o(.ARM.Collect$$rtentry$$00000009)
    __rt_entry_main                          0x08000269   Thumb Code     0  __rtentry2.o(.ARM.Collect$$rtentry$$0000000D)
    __rt_entry_postli_1                      0x08000269   Thumb Code     0  __rtentry2.o(.ARM.Collect$$rtentry$$0000000C)
    __rt_exit                                0x08000271   Thumb Code     0  rtexit.o(.ARM.Collect$$rtexit$$00000000)
    __rt_exit_ls                             0x08000273   Thumb Code     0  rtexit2.o(.ARM.Collect$$rtexit$$00000003)
    __rt_exit_prels_1                        0x08000273   Thumb Code     0  rtexit2.o(.ARM.Collect$$rtexit$$00000002)
    __rt_exit_exit                           0x08000277   Thumb Code     0  rtexit2.o(.ARM.Collect$$rtexit$$00000004)
    SVC_Handler                              0x0800027d   Thumb Code    28  port.o(.emb_text)
    __asm___6_port_c_39a90d8d__prvStartFirstTask 0x0800029d   Thumb Code    36  port.o(.emb_text)
    __asm___6_port_c_39a90d8d__prvEnableVFP  0x080002c5   Thumb Code    16  port.o(.emb_text)
    PendSV_Handler                           0x080002d9   Thumb Code    88  port.o(.emb_text)
    vPortGetIPSR                             0x08000335   Thumb Code     6  port.o(.emb_text)
    Reset_Handler                            0x0800033d   Thumb Code     8  startup_stm32f407xx.o(.text)
    NMI_Handler                              0x08000345   Thumb Code     2  startup_stm32f407xx.o(.text)
    HardFault_Handler                        0x08000347   Thumb Code     2  startup_stm32f407xx.o(.text)
    MemManage_Handler                        0x08000349   Thumb Code     2  startup_stm32f407xx.o(.text)
    BusFault_Handler                         0x0800034b   Thumb Code     2  startup_stm32f407xx.o(.text)
    UsageFault_Handler                       0x0800034d   Thumb Code     2  startup_stm32f407xx.o(.text)
    DebugMon_Handler                         0x08000351   Thumb Code     2  startup_stm32f407xx.o(.text)
    ADC_IRQHandler                           0x08000357   Thumb Code     0  startup_stm32f407xx.o(.text)
    CAN1_RX0_IRQHandler                      0x08000357   Thumb Code     0  startup_stm32f407xx.o(.text)
    CAN1_RX1_IRQHandler                      0x08000357   Thumb Code     0  startup_stm32f407xx.o(.text)
    CAN1_SCE_IRQHandler                      0x08000357   Thumb Code     0  startup_stm32f407xx.o(.text)
    CAN1_TX_IRQHandler                       0x08000357   Thumb Code     0  startup_stm32f407xx.o(.text)
    CAN2_RX0_IRQHandler                      0x08000357   Thumb Code     0  startup_stm32f407xx.o(.text)
    CAN2_RX1_IRQHandler                      0x08000357   Thumb Code     0  startup_stm32f407xx.o(.text)
    CAN2_SCE_IRQHandler                      0x08000357   Thumb Code     0  startup_stm32f407xx.o(.text)
    CAN2_TX_IRQHandler                       0x08000357   Thumb Code     0  startup_stm32f407xx.o(.text)
    DCMI_IRQHandler                          0x08000357   Thumb Code     0  startup_stm32f407xx.o(.text)
    DMA1_Stream0_IRQHandler                  0x08000357   Thumb Code     0  startup_stm32f407xx.o(.text)
    DMA1_Stream1_IRQHandler                  0x08000357   Thumb Code     0  startup_stm32f407xx.o(.text)
    DMA1_Stream2_IRQHandler                  0x08000357   Thumb Code     0  startup_stm32f407xx.o(.text)
    DMA1_Stream3_IRQHandler                  0x08000357   Thumb Code     0  startup_stm32f407xx.o(.text)
    DMA1_Stream4_IRQHandler                  0x08000357   Thumb Code     0  startup_stm32f407xx.o(.text)
    DMA1_Stream5_IRQHandler                  0x08000357   Thumb Code     0  startup_stm32f407xx.o(.text)
    DMA1_Stream6_IRQHandler                  0x08000357   Thumb Code     0  startup_stm32f407xx.o(.text)
    DMA1_Stream7_IRQHandler                  0x08000357   Thumb Code     0  startup_stm32f407xx.o(.text)
    DMA2_Stream0_IRQHandler                  0x08000357   Thumb Code     0  startup_stm32f407xx.o(.text)
    DMA2_Stream1_IRQHandler                  0x08000357   Thumb Code     0  startup_stm32f407xx.o(.text)
    DMA2_Stream2_IRQHandler                  0x08000357   Thumb Code     0  startup_stm32f407xx.o(.text)
    DMA2_Stream3_IRQHandler                  0x08000357   Thumb Code     0  startup_stm32f407xx.o(.text)
    DMA2_Stream4_IRQHandler                  0x08000357   Thumb Code     0  startup_stm32f407xx.o(.text)
    DMA2_Stream5_IRQHandler                  0x08000357   Thumb Code     0  startup_stm32f407xx.o(.text)
    DMA2_Stream6_IRQHandler                  0x08000357   Thumb Code     0  startup_stm32f407xx.o(.text)
    DMA2_Stream7_IRQHandler                  0x08000357   Thumb Code     0  startup_stm32f407xx.o(.text)
    ETH_IRQHandler                           0x08000357   Thumb Code     0  startup_stm32f407xx.o(.text)
    ETH_WKUP_IRQHandler                      0x08000357   Thumb Code     0  startup_stm32f407xx.o(.text)
    FLASH_IRQHandler                         0x08000357   Thumb Code     0  startup_stm32f407xx.o(.text)
    FMC_IRQHandler                           0x08000357   Thumb Code     0  startup_stm32f407xx.o(.text)
    FPU_IRQHandler                           0x08000357   Thumb Code     0  startup_stm32f407xx.o(.text)
    HASH_RNG_IRQHandler                      0x08000357   Thumb Code     0  startup_stm32f407xx.o(.text)
    I2C1_ER_IRQHandler                       0x08000357   Thumb Code     0  startup_stm32f407xx.o(.text)
    I2C1_EV_IRQHandler                       0x08000357   Thumb Code     0  startup_stm32f407xx.o(.text)
    I2C2_ER_IRQHandler                       0x08000357   Thumb Code     0  startup_stm32f407xx.o(.text)
    I2C2_EV_IRQHandler                       0x08000357   Thumb Code     0  startup_stm32f407xx.o(.text)
    I2C3_ER_IRQHandler                       0x08000357   Thumb Code     0  startup_stm32f407xx.o(.text)
    I2C3_EV_IRQHandler                       0x08000357   Thumb Code     0  startup_stm32f407xx.o(.text)
    OTG_FS_IRQHandler                        0x08000357   Thumb Code     0  startup_stm32f407xx.o(.text)
    OTG_FS_WKUP_IRQHandler                   0x08000357   Thumb Code     0  startup_stm32f407xx.o(.text)
    OTG_HS_EP1_IN_IRQHandler                 0x08000357   Thumb Code     0  startup_stm32f407xx.o(.text)
    OTG_HS_EP1_OUT_IRQHandler                0x08000357   Thumb Code     0  startup_stm32f407xx.o(.text)
    OTG_HS_IRQHandler                        0x08000357   Thumb Code     0  startup_stm32f407xx.o(.text)
    OTG_HS_WKUP_IRQHandler                   0x08000357   Thumb Code     0  startup_stm32f407xx.o(.text)
    PVD_IRQHandler                           0x08000357   Thumb Code     0  startup_stm32f407xx.o(.text)
    RCC_IRQHandler                           0x08000357   Thumb Code     0  startup_stm32f407xx.o(.text)
    RTC_Alarm_IRQHandler                     0x08000357   Thumb Code     0  startup_stm32f407xx.o(.text)
    RTC_WKUP_IRQHandler                      0x08000357   Thumb Code     0  startup_stm32f407xx.o(.text)
    SDIO_IRQHandler                          0x08000357   Thumb Code     0  startup_stm32f407xx.o(.text)
    SPI1_IRQHandler                          0x08000357   Thumb Code     0  startup_stm32f407xx.o(.text)
    SPI2_IRQHandler                          0x08000357   Thumb Code     0  startup_stm32f407xx.o(.text)
    SPI3_IRQHandler                          0x08000357   Thumb Code     0  startup_stm32f407xx.o(.text)
    TAMP_STAMP_IRQHandler                    0x08000357   Thumb Code     0  startup_stm32f407xx.o(.text)
    TIM1_BRK_TIM9_IRQHandler                 0x08000357   Thumb Code     0  startup_stm32f407xx.o(.text)
    TIM1_TRG_COM_TIM11_IRQHandler            0x08000357   Thumb Code     0  startup_stm32f407xx.o(.text)
    TIM1_UP_TIM10_IRQHandler                 0x08000357   Thumb Code     0  startup_stm32f407xx.o(.text)
    TIM5_IRQHandler                          0x08000357   Thumb Code     0  startup_stm32f407xx.o(.text)
    TIM6_DAC_IRQHandler                      0x08000357   Thumb Code     0  startup_stm32f407xx.o(.text)
    TIM7_IRQHandler                          0x08000357   Thumb Code     0  startup_stm32f407xx.o(.text)
    TIM8_BRK_TIM12_IRQHandler                0x08000357   Thumb Code     0  startup_stm32f407xx.o(.text)
    TIM8_CC_IRQHandler                       0x08000357   Thumb Code     0  startup_stm32f407xx.o(.text)
    TIM8_TRG_COM_TIM14_IRQHandler            0x08000357   Thumb Code     0  startup_stm32f407xx.o(.text)
    TIM8_UP_TIM13_IRQHandler                 0x08000357   Thumb Code     0  startup_stm32f407xx.o(.text)
    UART4_IRQHandler                         0x08000357   Thumb Code     0  startup_stm32f407xx.o(.text)
    UART5_IRQHandler                         0x08000357   Thumb Code     0  startup_stm32f407xx.o(.text)
    USART2_IRQHandler                        0x08000357   Thumb Code     0  startup_stm32f407xx.o(.text)
    WWDG_IRQHandler                          0x08000357   Thumb Code     0  startup_stm32f407xx.o(.text)
    __user_initial_stackheap                 0x08000359   Thumb Code     0  startup_stm32f407xx.o(.text)
    __2printf                                0x0800037d   Thumb Code    20  noretval__2printf.o(.text)
    __printf                                 0x08000395   Thumb Code   104  __printf.o(.text)
    _printf_str                              0x080003fd   Thumb Code    82  _printf_str.o(.text)
    _printf_int_dec                          0x08000451   Thumb Code   104  _printf_dec.o(.text)
    _printf_int_hex                          0x080004c9   Thumb Code    84  _printf_hex_int.o(.text)
    _printf_longlong_hex                     0x080004c9   Thumb Code     0  _printf_hex_int.o(.text)
    strchr                                   0x08000521   Thumb Code    20  strchr.o(.text)
    __aeabi_memcpy                           0x08000535   Thumb Code     0  rt_memcpy_v6.o(.text)
    __rt_memcpy                              0x08000535   Thumb Code   138  rt_memcpy_v6.o(.text)
    _memcpy_lastbytes                        0x0800059b   Thumb Code     0  rt_memcpy_v6.o(.text)
    __aeabi_memcpy4                          0x080005bf   Thumb Code     0  rt_memcpy_w.o(.text)
    __aeabi_memcpy8                          0x080005bf   Thumb Code     0  rt_memcpy_w.o(.text)
    __rt_memcpy_w                            0x080005bf   Thumb Code   100  rt_memcpy_w.o(.text)
    _memcpy_lastbytes_aligned                0x08000607   Thumb Code     0  rt_memcpy_w.o(.text)
    __aeabi_memset                           0x08000623   Thumb Code    16  aeabi_memset.o(.text)
    __aeabi_memclr                           0x08000633   Thumb Code     0  rt_memclr.o(.text)
    __rt_memclr                              0x08000633   Thumb Code    68  rt_memclr.o(.text)
    _memset                                  0x08000637   Thumb Code     0  rt_memclr.o(.text)
    __aeabi_memclr4                          0x08000677   Thumb Code     0  rt_memclr_w.o(.text)
    __aeabi_memclr8                          0x08000677   Thumb Code     0  rt_memclr_w.o(.text)
    __rt_memclr_w                            0x08000677   Thumb Code    78  rt_memclr_w.o(.text)
    _memset_w                                0x0800067b   Thumb Code     0  rt_memclr_w.o(.text)
    strncpy                                  0x080006c5   Thumb Code    86  strncpy.o(.text)
    __use_two_region_memory                  0x0800071b   Thumb Code     2  heapauxi.o(.text)
    __rt_heap_escrow$2region                 0x0800071d   Thumb Code     2  heapauxi.o(.text)
    __rt_heap_expand$2region                 0x0800071f   Thumb Code     2  heapauxi.o(.text)
    _printf_int_common                       0x08000721   Thumb Code   178  _printf_intcommon.o(.text)
    _printf_cs_common                        0x080007d3   Thumb Code    20  _printf_char.o(.text)
    _printf_char                             0x080007e7   Thumb Code    16  _printf_char.o(.text)
    _printf_string                           0x080007f7   Thumb Code     8  _printf_char.o(.text)
    _printf_char_file                        0x08000801   Thumb Code    32  _printf_char_file.o(.text)
    __user_libspace                          0x08000825   Thumb Code     8  libspace.o(.text)
    __user_perproc_libspace                  0x08000825   Thumb Code     0  libspace.o(.text)
    __user_perthread_libspace                0x08000825   Thumb Code     0  libspace.o(.text)
    _printf_char_common                      0x08000837   Thumb Code    32  _printf_char_common.o(.text)
    ferror                                   0x0800085d   Thumb Code     8  ferror.o(.text)
    __user_setup_stackheap                   0x08000865   Thumb Code    74  sys_stackheap_outer.o(.text)
    exit                                     0x080008af   Thumb Code    18  exit.o(.text)
    __I$use$semihosting                      0x080008c1   Thumb Code     0  use_no_semi.o(.text)
    __use_no_semihosting_swi                 0x080008c1   Thumb Code     2  use_no_semi.o(.text)
    __semihosting_library_function           0x080008c3   Thumb Code     0  indicate_semi.o(.text)
    _sys_exit                                0x080008c5   Thumb Code     8  sys_exit.o(.text)
    DMA_Cmd                                  0x080008d1   Thumb Code    20  stm32f4xx_dma.o(i.DMA_Cmd)
    DMA_DeInit                               0x080008e5   Thumb Code   272  stm32f4xx_dma.o(i.DMA_DeInit)
    DMA_GetCurrDataCounter                   0x08000a09   Thumb Code     6  stm32f4xx_dma.o(i.DMA_GetCurrDataCounter)
    DMA_ITConfig                             0x08000a0f   Thumb Code    44  stm32f4xx_dma.o(i.DMA_ITConfig)
    DMA_Init                                 0x08000a3d   Thumb Code    80  stm32f4xx_dma.o(i.DMA_Init)
    DMA_MemoryTargetConfig                   0x08000a91   Thumb Code    10  stm32f4xx_dma.o(i.DMA_MemoryTargetConfig)
    DMA_SetCurrDataCounter                   0x08000a9b   Thumb Code     4  stm32f4xx_dma.o(i.DMA_SetCurrDataCounter)
    DMA_StructInit                           0x08000a9f   Thumb Code    34  stm32f4xx_dma.o(i.DMA_StructInit)
    EXTI0_IRQHandler                         0x08000ac1   Thumb Code     4  exti.o(i.EXTI0_IRQHandler)
    EXTI15_10_IRQHandler                     0x08000ac5   Thumb Code     4  exti.o(i.EXTI15_10_IRQHandler)
    EXTI1_IRQHandler                         0x08000ac9   Thumb Code     4  exti.o(i.EXTI1_IRQHandler)
    EXTI2_IRQHandler                         0x08000acd   Thumb Code     4  exti.o(i.EXTI2_IRQHandler)
    EXTI3_IRQHandler                         0x08000ad1   Thumb Code     4  exti.o(i.EXTI3_IRQHandler)
    EXTI4_IRQHandler                         0x08000ad5   Thumb Code     4  exti.o(i.EXTI4_IRQHandler)
    EXTI9_5_IRQHandler                       0x08000ad9   Thumb Code     4  exti.o(i.EXTI9_5_IRQHandler)
    EXTIConfig                               0x08000add   Thumb Code   132  exti.o(i.EXTIConfig)
    EXTIEnable                               0x08000b6d   Thumb Code    28  exti.o(i.EXTIEnable)
    EXTIHandlerInit                          0x08000b8d   Thumb Code     4  exti.o(i.EXTIHandlerInit)
    EXTIInit                                 0x08000b91   Thumb Code    32  exti.o(i.EXTIInit)
    EXTI_ClearITPendingBit                   0x08000bb9   Thumb Code     6  stm32f4xx_exti.o(i.EXTI_ClearITPendingBit)
    EXTI_IRQHandler                          0x08000bc5   Thumb Code    56  exti.o(i.EXTI_IRQHandler)
    EXTI_Init                                0x08000c05   Thumb Code   108  stm32f4xx_exti.o(i.EXTI_Init)
    EnableGPIOClk                            0x08000c75   Thumb Code   110  main.o(i.EnableGPIOClk)
    GPIO_Init                                0x08000d09   Thumb Code   162  stm32f4xx_gpio.o(i.GPIO_Init)
    GPIO_PinAFConfig                         0x08000dab   Thumb Code    32  stm32f4xx_gpio.o(i.GPIO_PinAFConfig)
    GPIO_StructInit                          0x08000dcb   Thumb Code    18  stm32f4xx_gpio.o(i.GPIO_StructInit)
    IOConfigGPIO                             0x08000ddd   Thumb Code    68  io.o(i.IOConfigGPIO)
    IOConfigGPIOAF                           0x08000e25   Thumb Code    86  io.o(i.IOConfigGPIOAF)
    IOGetByTag                               0x08000e81   Thumb Code    98  io.o(i.IOGetByTag)
    IOGlobalInit                             0x08000eed   Thumb Code    52  io.o(i.IOGlobalInit)
    IOHi                                     0x08000f2d   Thumb Code    12  io.o(i.IOHi)
    IOInit                                   0x08000f39   Thumb Code     6  io.o(i.IOInit)
    IOToggle                                 0x08000f3f   Thumb Code    20  io.o(i.IOToggle)
    IOWrite                                  0x08000f53   Thumb Code    18  io.o(i.IOWrite)
    IO_EXTI_Line                             0x08000f65   Thumb Code    18  io.o(i.IO_EXTI_Line)
    IO_EXTI_PinSource                        0x08000f77   Thumb Code     4  io.o(i.IO_EXTI_PinSource)
    IO_EXTI_PortSourceGPIO                   0x08000f7b   Thumb Code     4  io.o(i.IO_EXTI_PortSourceGPIO)
    IO_GPIOPinIdx                            0x08000f7f   Thumb Code    20  io.o(i.IO_GPIOPinIdx)
    IO_GPIOPortIdx                           0x08000f95   Thumb Code    18  io.o(i.IO_GPIOPortIdx)
    IO_GPIO_PinSource                        0x08000fad   Thumb Code     4  io.o(i.IO_GPIO_PinSource)
    LedInit                                  0x08000fb1   Thumb Code   128  led.o(i.LedInit)
    LedSet                                   0x08001039   Thumb Code    32  led.o(i.LedSet)
    LedToggle                                0x08001061   Thumb Code    10  led.o(i.LedToggle)
    NVIC_Init                                0x08001071   Thumb Code    96  misc.o(i.NVIC_Init)
    NVIC_PriorityGroupConfig                 0x080010d5   Thumb Code    10  misc.o(i.NVIC_PriorityGroupConfig)
    RCC_AHB1PeriphClockCmd                   0x080010e9   Thumb Code    18  stm32f4xx_rcc.o(i.RCC_AHB1PeriphClockCmd)
    RCC_AHB1PeriphResetCmd                   0x08001101   Thumb Code    18  stm32f4xx_rcc.o(i.RCC_AHB1PeriphResetCmd)
    RCC_AHB2PeriphClockCmd                   0x08001119   Thumb Code    18  stm32f4xx_rcc.o(i.RCC_AHB2PeriphClockCmd)
    RCC_APB1PeriphClockCmd                   0x08001131   Thumb Code    18  stm32f4xx_rcc.o(i.RCC_APB1PeriphClockCmd)
    RCC_APB1PeriphResetCmd                   0x08001149   Thumb Code    18  stm32f4xx_rcc.o(i.RCC_APB1PeriphResetCmd)
    RCC_APB2PeriphClockCmd                   0x08001161   Thumb Code    18  stm32f4xx_rcc.o(i.RCC_APB2PeriphClockCmd)
    RCC_APB2PeriphResetCmd                   0x08001179   Thumb Code    18  stm32f4xx_rcc.o(i.RCC_APB2PeriphResetCmd)
    RCC_ClearFlag                            0x08001191   Thumb Code    12  stm32f4xx_rcc.o(i.RCC_ClearFlag)
    RCC_ClockCmd                             0x080011a1   Thumb Code    36  rcc.o(i.RCC_ClockCmd)
    RCC_GetClocksFreq                        0x080011c5   Thumb Code   132  stm32f4xx_rcc.o(i.RCC_GetClocksFreq)
    RCC_ResetCmd                             0x08001255   Thumb Code    36  rcc.o(i.RCC_ResetCmd)
    ResetLedStatusConfig                     0x08001279   Thumb Code    32  config.o(i.ResetLedStatusConfig)
    ResetLedTimerConfig                      0x08001299   Thumb Code    40  config.o(i.ResetLedTimerConfig)
    ResetMotorConfig                         0x080012c5   Thumb Code    70  config.o(i.ResetMotorConfig)
    ResetSerialConfig                        0x08001311   Thumb Code    54  config.o(i.ResetSerialConfig)
    ResetSerialPinConfig                     0x0800134d   Thumb Code    94  config.o(i.ResetSerialPinConfig)
    SPI_Cmd                                  0x080013b1   Thumb Code    20  stm32f4xx_spi.o(i.SPI_Cmd)
    SPI_I2S_DeInit                           0x080013c5   Thumb Code   108  stm32f4xx_spi.o(i.SPI_I2S_DeInit)
    SPI_Init                                 0x08001449   Thumb Code    56  stm32f4xx_spi.o(i.SPI_Init)
    SYSCFG_EXTILineConfig                    0x08001481   Thumb Code    42  stm32f4xx_syscfg.o(i.SYSCFG_EXTILineConfig)
    SetSysClock                              0x080014b1   Thumb Code   162  system_stm32f4xx.o(i.SetSysClock)
    SysTick_Handler                          0x08001565   Thumb Code    20  system.o(i.SysTick_Handler)
    SysTick_Init                             0x08001579   Thumb Code    24  system.o(i.SysTick_Init)
    SystemInit                               0x0800159d   Thumb Code    74  system_stm32f4xx.o(i.SystemInit)
    TIM1_CC_IRQHandler                       0x080015f9   Thumb Code     8  timer.o(i.TIM1_CC_IRQHandler)
    TIM2_IRQHandler                          0x08001609   Thumb Code    10  timer.o(i.TIM2_IRQHandler)
    TIM3_IRQHandler                          0x08001619   Thumb Code     8  timer.o(i.TIM3_IRQHandler)
    TIM4_IRQHandler                          0x08001629   Thumb Code     8  timer.o(i.TIM4_IRQHandler)
    TIM_Cmd                                  0x08001639   Thumb Code    20  stm32f4xx_tim.o(i.TIM_Cmd)
    TIM_ITConfig                             0x0800164d   Thumb Code    16  stm32f4xx_tim.o(i.TIM_ITConfig)
    TIM_TimeBaseInit                         0x0800165d   Thumb Code    96  stm32f4xx_tim.o(i.TIM_TimeBaseInit)
    TIM_TimeBaseStructInit                   0x080016d9   Thumb Code    18  stm32f4xx_tim.o(i.TIM_TimeBaseStructInit)
    TimerInitForFreeRTOS                     0x080016eb   Thumb Code    48  main.o(i.TimerInitForFreeRTOS)
    USART1_IRQHandler                        0x0800171d   Thumb Code    10  serial_uart_stm32f4xx.o(i.USART1_IRQHandler)
    USART3_IRQHandler                        0x0800172d   Thumb Code    10  serial_uart_stm32f4xx.o(i.USART3_IRQHandler)
    USART6_IRQHandler                        0x0800173d   Thumb Code    10  serial_uart_stm32f4xx.o(i.USART6_IRQHandler)
    USART_ClearITPendingBit                  0x0800174d   Thumb Code    12  stm32f4xx_usart.o(i.USART_ClearITPendingBit)
    USART_Cmd                                0x08001759   Thumb Code    20  stm32f4xx_usart.o(i.USART_Cmd)
    USART_DMACmd                             0x0800176d   Thumb Code    16  stm32f4xx_usart.o(i.USART_DMACmd)
    USART_GetITStatus                        0x0800177d   Thumb Code    62  stm32f4xx_usart.o(i.USART_GetITStatus)
    USART_HalfDuplexCmd                      0x080017bb   Thumb Code    20  stm32f4xx_usart.o(i.USART_HalfDuplexCmd)
    USART_ITConfig                           0x080017cf   Thumb Code    48  stm32f4xx_usart.o(i.USART_ITConfig)
    USART_Init                               0x08001801   Thumb Code   164  stm32f4xx_usart.o(i.USART_Init)
    USART_SendData                           0x080018ad   Thumb Code     8  stm32f4xx_usart.o(i.USART_SendData)
    activateConfig                           0x080018b5   Thumb Code    38  config.o(i.activateConfig)
    buttonInit                               0x080018f9   Thumb Code    72  button.o(i.buttonInit)
    checkEEPROMContainsValidData             0x0800194d   Thumb Code     4  config.o(i.checkEEPROMContainsValidData)
    configTimeBaseKhz                        0x08001951   Thumb Code    70  timer.o(i.configTimeBaseKhz)
    createDefaultConfig                      0x080019ad   Thumb Code   496  config.o(i.createDefaultConfig)
    delay                                    0x08001bb9   Thumb Code    22  system.o(i.delay)
    delayMicroseconds                        0x08001bd1   Thumb Code    48  system.o(i.delayMicroseconds)
    feature                                  0x08001c05   Thumb Code    16  feature.o(i.feature)
    featureClear                             0x08001c19   Thumb Code    10  feature.o(i.featureClear)
    featureConfigured                        0x08001c29   Thumb Code    16  feature.o(i.featureConfigured)
    featureSet                               0x08001c3d   Thumb Code    10  feature.o(i.featureSet)
    findNextSerialPortConfig                 0x08001c4d   Thumb Code    36  serial.o(i.findNextSerialPortConfig)
    findSerialPortConfig                     0x08001c75   Thumb Code    10  serial.o(i.findSerialPortConfig)
    findSerialPortIndexByIdentifier          0x08001c85   Thumb Code    24  serial.o(i.findSerialPortIndexByIdentifier)
    findSerialPortUsageByIdentifier          0x08001ca1   Thumb Code    36  serial.o(i.findSerialPortUsageByIdentifier)
    fputc                                    0x08001cc9   Thumb Code    14  main.o(i.fputc)
    generateThrottleCurve                    0x08001cd9   Thumb Code   116  fc_rc.o(i.generateThrottleCurve)
    initEEPROM                               0x08001d55   Thumb Code     2  config_eeprom.o(i.initEEPROM)
    intFeatureClearAll                       0x08001d57   Thumb Code     6  feature.o(i.intFeatureClearAll)
    intFeatureSet                            0x08001d5d   Thumb Code     8  feature.o(i.intFeatureSet)
    isModeActivationConditionPresent         0x08001d65   Thumb Code    38  rc_controls.o(i.isModeActivationConditionPresent)
    isUartTransmitBufferEmpty                0x08001d8b   Thumb Code    26  serial_uart.o(i.isUartTransmitBufferEmpty)
    latchActiveFeatures                      0x08001da5   Thumb Code    10  feature.o(i.latchActiveFeatures)
    list_task                                0x08001db9   Thumb Code  1440  main.o(i.list_task)
    main                                     0x08002359   Thumb Code   186  main.o(i.main)
    micros                                   0x08002441   Thumb Code    74  system.o(i.micros)
    microsISR                                0x08002495   Thumb Code    72  system.o(i.microsISR)
    millis                                   0x080024e1   Thumb Code     6  system.o(i.millis)
    mixerUseConfigs                          0x080024ed   Thumb Code     8  mixer.o(i.mixerUseConfigs)
    openSerialPort                           0x08002501   Thumb Code    94  serial.o(i.openSerialPort)
    parseRcChannels                          0x0800256d   Thumb Code    50  rx.o(i.parseRcChannels)
    pvPortMalloc                             0x08002cb1   Thumb Code   210  heap_4.o(i.pvPortMalloc)
    pxPortInitialiseStack                    0x08002d89   Thumb Code    40  port.o(i.pxPortInitialiseStack)
    readEEPROM                               0x08002db5   Thumb Code    24  config_eeprom.o(i.readEEPROM)
    resetAllRxChannelRangeConfigurations     0x08002dd1   Thumb Code    24  rx.o(i.resetAllRxChannelRangeConfigurations)
    resetEEPROM                              0x08002de9   Thumb Code    18  config.o(i.resetEEPROM)
    resetProfile                             0x08002ec5   Thumb Code    92  config.o(i.resetProfile)
    resetRcControlsConfig                    0x08002f21   Thumb Code    16  config.o(i.resetRcControlsConfig)
    rxInit                                   0x08002f31   Thumb Code   180  rx.o(i.rxInit)
    rxSerial3TestInit                        0x08003009   Thumb Code    40  rxserial3test.o(i.rxSerial3TestInit)
    rxSerial3TestWrite                       0x08003035   Thumb Code    10  rxserial3test.o(i.rxSerial3TestWrite)
    sbusInit                                 0x0800316d   Thumb Code   104  sbus.o(i.sbusInit)
    serialInit                               0x08003205   Thumb Code    38  serial.o(i.serialInit)
    serialRxInit                             0x08003239   Thumb Code    18  rx.o(i.serialRxInit)
    serialUART                               0x0800324d   Thumb Code   264  serial_uart_stm32f4xx.o(i.serialUART)
    serialUART1                              0x0800335d   Thumb Code    12  serial_uart_stm32f4xx.o(i.serialUART1)
    serialUART3                              0x08003369   Thumb Code    12  serial_uart_stm32f4xx.o(i.serialUART3)
    serialUART6                              0x08003375   Thumb Code    12  serial_uart_stm32f4xx.o(i.serialUART6)
    serialWrite                              0x08003381   Thumb Code     6  serial.o(i.serialWrite)
    setProfile                               0x08003389   Thumb Code    42  config.o(i.setProfile)
    spiInit                                  0x080033bd   Thumb Code    28  bus_spi.o(i.spiInit)
    spiInitDevice                            0x080033d9   Thumb Code   258  bus_spi.o(i.spiInitDevice)
    start_task                               0x080034f1   Thumb Code    68  main.o(i.start_task)
    systemInit                               0x08003559   Thumb Code    70  main.o(i.systemInit)
    targetConfiguration                      0x080035a9   Thumb Code    54  config.o(i.targetConfiguration)
    task1_task                               0x080035df   Thumb Code    18  main.o(i.task1_task)
    timerClockDivisor                        0x0800366d   Thumb Code    38  timer_stm32f4xx.o(i.timerClockDivisor)
    timerInit                                0x080036a9   Thumb Code   120  timer.o(i.timerInit)
    timerNVICConfigure4FreeRTOS              0x0800372d   Thumb Code    28  timer.o(i.timerNVICConfigure4FreeRTOS)
    timerRCC                                 0x08003749   Thumb Code    30  timer.o(i.timerRCC)
    uartIrqHandler                           0x0800376d   Thumb Code   150  serial_uart_stm32f4xx.o(i.uartIrqHandler)
    uartOpen                                 0x08003805   Thumb Code   360  serial_uart.o(i.uartOpen)
    uartRead                                 0x08003979   Thumb Code    44  serial_uart.o(i.uartRead)
    uartSetBaudRate                          0x08003a31   Thumb Code     6  serial_uart.o(i.uartSetBaudRate)
    uartSetMode                              0x08003a37   Thumb Code     6  serial_uart.o(i.uartSetMode)
    uartStartTxDMA                           0x08003a3d   Thumb Code    74  serial_uart.o(i.uartStartTxDMA)
    uartTotalRxBytesWaiting                  0x08003a87   Thumb Code    24  serial_uart.o(i.uartTotalRxBytesWaiting)
    uartTotalTxBytesFree                     0x08003a9f   Thumb Code    38  serial_uart.o(i.uartTotalTxBytesFree)
    uartWrite                                0x08003ac5   Thumb Code    48  serial_uart.o(i.uartWrite)
    useRcControlsConfig                      0x08003af5   Thumb Code    22  rc_controls.o(i.useRcControlsConfig)
    uxListRemove                             0x08003b11   Thumb Code    38  list.o(i.uxListRemove)
    vListInitialise                          0x08003b37   Thumb Code    22  list.o(i.vListInitialise)
    vListInitialiseItem                      0x08003b4d   Thumb Code     6  list.o(i.vListInitialiseItem)
    vListInsert                              0x08003b53   Thumb Code    48  list.o(i.vListInsert)
    vListInsertEnd                           0x08003b83   Thumb Code    24  list.o(i.vListInsertEnd)
    vPortEnterCritical                       0x08003b9d   Thumb Code    54  port.o(i.vPortEnterCritical)
    vPortExitCritical                        0x08003bdd   Thumb Code    34  port.o(i.vPortExitCritical)
    vPortFree                                0x08003c05   Thumb Code    88  heap_4.o(i.vPortFree)
    vPortSetupTimerInterrupt                 0x08003c61   Thumb Code    32  port.o(i.vPortSetupTimerInterrupt)
    vPortValidateInterruptPriority           0x08003c85   Thumb Code    74  port.o(i.vPortValidateInterruptPriority)
    vQueueAddToRegistry                      0x08003cd9   Thumb Code    34  queue.o(i.vQueueAddToRegistry)
    vQueueWaitForMessageRestricted           0x08003d01   Thumb Code    68  queue.o(i.vQueueWaitForMessageRestricted)
    vTaskDelay                               0x08003d45   Thumb Code    66  tasks.o(i.vTaskDelay)
    vTaskDelete                              0x08003d91   Thumb Code   158  tasks.o(i.vTaskDelete)
    vTaskInternalSetTimeOutState             0x08003e3d   Thumb Code    12  tasks.o(i.vTaskInternalSetTimeOutState)
    vTaskMissedYield                         0x08003e4d   Thumb Code     8  tasks.o(i.vTaskMissedYield)
    vTaskPlaceOnEventList                    0x08003e59   Thumb Code    44  tasks.o(i.vTaskPlaceOnEventList)
    vTaskPlaceOnEventListRestricted          0x08003e89   Thumb Code    52  tasks.o(i.vTaskPlaceOnEventListRestricted)
    vTaskStartScheduler                      0x08003ec1   Thumb Code    94  tasks.o(i.vTaskStartScheduler)
    vTaskSuspendAll                          0x08003f31   Thumb Code    10  tasks.o(i.vTaskSuspendAll)
    vTaskSwitchContext                       0x08003f41   Thumb Code    82  tasks.o(i.vTaskSwitchContext)
    validateAndFixConfig                     0x08003f9d   Thumb Code    64  config.o(i.validateAndFixConfig)
    validateAndFixGyroConfig                 0x08003fdd   Thumb Code    38  config.o(i.validateAndFixGyroConfig)
    xPortStartScheduler                      0x08004009   Thumb Code   222  port.o(i.xPortStartScheduler)
    xPortSysTickHandler                      0x080040fd   Thumb Code    38  port.o(i.xPortSysTickHandler)
    xQueueGenericCreate                      0x08004129   Thumb Code    82  queue.o(i.xQueueGenericCreate)
    xQueueGenericReset                       0x0800417d   Thumb Code   132  queue.o(i.xQueueGenericReset)
    xQueueGenericSend                        0x08004205   Thumb Code   346  queue.o(i.xQueueGenericSend)
    xQueueGenericSendFromISR                 0x08004365   Thumb Code   188  queue.o(i.xQueueGenericSendFromISR)
    xQueueReceive                            0x08004421   Thumb Code   308  queue.o(i.xQueueReceive)
    xTaskCheckForTimeOut                     0x08004559   Thumb Code   112  tasks.o(i.xTaskCheckForTimeOut)
    xTaskCreate                              0x080045cd   Thumb Code    86  tasks.o(i.xTaskCreate)
    xTaskGetSchedulerState                   0x08004625   Thumb Code    22  tasks.o(i.xTaskGetSchedulerState)
    xTaskGetTickCount                        0x08004641   Thumb Code     6  tasks.o(i.xTaskGetTickCount)
    xTaskIncrementTick                       0x0800464d   Thumb Code   192  tasks.o(i.xTaskIncrementTick)
    xTaskPriorityDisinherit                  0x08004715   Thumb Code   144  tasks.o(i.xTaskPriorityDisinherit)
    xTaskRemoveFromEventList                 0x080047ad   Thumb Code   108  tasks.o(i.xTaskRemoveFromEventList)
    xTaskResumeAll                           0x08004821   Thumb Code   182  tasks.o(i.xTaskResumeAll)
    xTimerCreateTimerTask                    0x080048e5   Thumb Code    58  timers.o(i.xTimerCreateTimerTask)
    xTimerGenericCommand                     0x08004931   Thumb Code    92  timers.o(i.xTimerGenericCommand)
    _fp_init                                 0x08004991   Thumb Code    10  fpinit.o(x$fpl$fpinit)
    __fplib_config_fpu_vfp                   0x08004999   Thumb Code     0  fpinit.o(x$fpl$fpinit)
    __fplib_config_pureend_doubles           0x08004999   Thumb Code     0  fpinit.o(x$fpl$fpinit)
    timerHardware                            0x0800499c   Data         168  target.o(.constdata)
    ioPortDefs                               0x08004a7b   Data           6  io.o(.constdata)
    serialPortIdentifiers                    0x08004a8c   Data           3  serial.o(.constdata)
    uartVTable                               0x08004a90   Data          40  serial_uart.o(.constdata)
    timerDefinitions                         0x08004ab8   Data         112  timer_stm32f4xx.o(.constdata)
    rcChannelLetters                         0x08004b2f   Data          21  rx.o(.constdata)
    Region$$Table$$Base                      0x08004b6c   Number         0  anon$$obj.o(Region$$Table)
    Region$$Table$$Limit                     0x08004b8c   Number         0  anon$$obj.o(Region$$Table)
    systemState                              0x20000010   Data           1  main.o(.data)
    StartTask_Handler                        0x20000014   Data           4  main.o(.data)
    Task1Task_Handler                        0x20000018   Data           4  main.o(.data)
    ListTask_Handler                         0x2000001c   Data           4  main.o(.data)
    __stdout                                 0x20000020   Data           4  main.o(.data)
    SystemCoreClock                          0x20000024   Data           4  system_stm32f4xx.o(.data)
    AHBPrescTable                            0x20000028   Data          16  system_stm32f4xx.o(.data)
    sysTickUptime                            0x2000003c   Data           4  system.o(.data)
    timerInfo                                0x20000e04   Data           6  timer.o(.data)
    currentProfile                           0x20000e10   Data           4  config.o(.data)
    currentControlRateProfile                0x20000e14   Data           4  config.o(.data)
    motorControlEnable                       0x20000e18   Data           1  fc_core.o(.data)
    currentMixerMode                         0x20000e2d   Data           1  mixer.o(.data)
    motorOutputHigh                          0x20000e30   Data           2  mixer.o(.data)
    motorOutputLow                           0x20000e32   Data           2  mixer.o(.data)
    rxConfig                                 0x20000e40   Data           4  mixer.o(.data)
    debugMode                                0x20000e74   Data           1  debug.o(.data)
    pxCurrentTCB                             0x20000e78   Data           4  tasks.o(.data)
    TestList                                 0x20000eec   Data          20  main.o(.bss)
    ListItem1                                0x20000f00   Data          20  main.o(.bss)
    ListItem2                                0x20000f14   Data          20  main.o(.bss)
    ListItem3                                0x20000f28   Data          20  main.o(.bss)
    clocks                                   0x20000f3c   Data          16  system.o(.bss)
    button                                   0x20000f4c   Data          12  button.o(.bss)
    extiChannelRecs                          0x20000f58   Data          64  exti.o(.bss)
    ioRecs                                   0x20000f98   Data         640  io.o(.bss)
    timerConfig                              0x2000124c   Data         240  timer.o(.bss)
    timerChannelInfo                         0x2000133c   Data          14  timer.o(.bss)
    masterConfig                             0x2000134c   Data         884  config.o(.bss)
    rxRuntimeConfig                          0x20001718   Data          12  rx.o(.bss)
    rcRaw                                    0x20001724   Data          36  rx.o(.bss)
    rcData                                   0x20001748   Data          36  rx.o(.bss)
    rcInvalidPulsPeriod                      0x2000176c   Data          72  rx.o(.bss)
    xQueueRegistry                           0x20001818   Data          64  queue.o(.bss)
    __libspace_start                         0x20014548   Data          96  libspace.o(.bss)
    __temporary_stack_top$libspace           0x200145a8   Data           0  libspace.o(.bss)



==============================================================================

Memory Map of the image

  Image Entry point : 0x08000189

  Load Region LR_IROM1 (Base: 0x08000000, Size: 0x00005a78, Max: 0x00100000, ABSOLUTE, COMPRESSED[0x00004c24])

    Execution Region ER_IROM1 (Exec base: 0x08000000, Load base: 0x08000000, Size: 0x00004b8c, Max: 0x00100000, ABSOLUTE)

    Exec Addr    Load Addr    Size         Type   Attr      Idx    E Section Name        Object

    0x08000000   0x08000000   0x00000188   Data   RO            3    RESET               startup_stm32f407xx.o
    0x08000188   0x08000188   0x00000008   Code   RO         6995  * !!!main             c_w.l(__main.o)
    0x08000190   0x08000190   0x00000034   Code   RO         7324    !!!scatter          c_w.l(__scatter.o)
    0x080001c4   0x080001c4   0x0000005a   Code   RO         7322    !!dczerorl2         c_w.l(__dczerorl2.o)
    0x0800021e   0x0800021e   0x00000002   PAD
    0x08000220   0x08000220   0x0000001c   Code   RO         7326    !!handler_zi        c_w.l(__scatter_zi.o)
    0x0800023c   0x0800023c   0x00000000   Code   RO         6963    .ARM.Collect$$_printf_percent$$00000000  c_w.l(_printf_percent.o)
    0x0800023c   0x0800023c   0x00000006   Code   RO         6960    .ARM.Collect$$_printf_percent$$00000009  c_w.l(_printf_d.o)
    0x08000242   0x08000242   0x00000006   Code   RO         6959    .ARM.Collect$$_printf_percent$$0000000C  c_w.l(_printf_x.o)
    0x08000248   0x08000248   0x00000006   Code   RO         6958    .ARM.Collect$$_printf_percent$$00000014  c_w.l(_printf_s.o)
    0x0800024e   0x0800024e   0x00000004   Code   RO         7085    .ARM.Collect$$_printf_percent$$00000017  c_w.l(_printf_percent_end.o)
    0x08000252   0x08000252   0x00000002   Code   RO         7248    .ARM.Collect$$libinit$$00000000  c_w.l(libinit.o)
    0x08000254   0x08000254   0x00000004   Code   RO         7088    .ARM.Collect$$libinit$$00000001  c_w.l(libinit2.o)
    0x08000258   0x08000258   0x00000000   Code   RO         7091    .ARM.Collect$$libinit$$00000004  c_w.l(libinit2.o)
    0x08000258   0x08000258   0x00000000   Code   RO         7094    .ARM.Collect$$libinit$$0000000A  c_w.l(libinit2.o)
    0x08000258   0x08000258   0x00000000   Code   RO         7096    .ARM.Collect$$libinit$$0000000C  c_w.l(libinit2.o)
    0x08000258   0x08000258   0x00000000   Code   RO         7098    .ARM.Collect$$libinit$$0000000E  c_w.l(libinit2.o)
    0x08000258   0x08000258   0x00000000   Code   RO         7101    .ARM.Collect$$libinit$$00000011  c_w.l(libinit2.o)
    0x08000258   0x08000258   0x00000000   Code   RO         7103    .ARM.Collect$$libinit$$00000013  c_w.l(libinit2.o)
    0x08000258   0x08000258   0x00000000   Code   RO         7105    .ARM.Collect$$libinit$$00000015  c_w.l(libinit2.o)
    0x08000258   0x08000258   0x00000000   Code   RO         7107    .ARM.Collect$$libinit$$00000017  c_w.l(libinit2.o)
    0x08000258   0x08000258   0x00000000   Code   RO         7109    .ARM.Collect$$libinit$$00000019  c_w.l(libinit2.o)
    0x08000258   0x08000258   0x00000000   Code   RO         7111    .ARM.Collect$$libinit$$0000001B  c_w.l(libinit2.o)
    0x08000258   0x08000258   0x00000000   Code   RO         7113    .ARM.Collect$$libinit$$0000001D  c_w.l(libinit2.o)
    0x08000258   0x08000258   0x00000000   Code   RO         7115    .ARM.Collect$$libinit$$0000001F  c_w.l(libinit2.o)
    0x08000258   0x08000258   0x00000000   Code   RO         7117    .ARM.Collect$$libinit$$00000021  c_w.l(libinit2.o)
    0x08000258   0x08000258   0x00000000   Code   RO         7119    .ARM.Collect$$libinit$$00000023  c_w.l(libinit2.o)
    0x08000258   0x08000258   0x00000000   Code   RO         7121    .ARM.Collect$$libinit$$00000025  c_w.l(libinit2.o)
    0x08000258   0x08000258   0x00000000   Code   RO         7125    .ARM.Collect$$libinit$$0000002C  c_w.l(libinit2.o)
    0x08000258   0x08000258   0x00000000   Code   RO         7127    .ARM.Collect$$libinit$$0000002E  c_w.l(libinit2.o)
    0x08000258   0x08000258   0x00000000   Code   RO         7129    .ARM.Collect$$libinit$$00000030  c_w.l(libinit2.o)
    0x08000258   0x08000258   0x00000000   Code   RO         7131    .ARM.Collect$$libinit$$00000032  c_w.l(libinit2.o)
    0x08000258   0x08000258   0x00000002   Code   RO         7132    .ARM.Collect$$libinit$$00000033  c_w.l(libinit2.o)
    0x0800025a   0x0800025a   0x00000002   Code   RO         7283    .ARM.Collect$$libshutdown$$00000000  c_w.l(libshutdown.o)
    0x0800025c   0x0800025c   0x00000000   Code   RO         7289    .ARM.Collect$$libshutdown$$00000002  c_w.l(libshutdown2.o)
    0x0800025c   0x0800025c   0x00000000   Code   RO         7291    .ARM.Collect$$libshutdown$$00000004  c_w.l(libshutdown2.o)
    0x0800025c   0x0800025c   0x00000000   Code   RO         7294    .ARM.Collect$$libshutdown$$00000007  c_w.l(libshutdown2.o)
    0x0800025c   0x0800025c   0x00000000   Code   RO         7297    .ARM.Collect$$libshutdown$$0000000A  c_w.l(libshutdown2.o)
    0x0800025c   0x0800025c   0x00000000   Code   RO         7299    .ARM.Collect$$libshutdown$$0000000C  c_w.l(libshutdown2.o)
    0x0800025c   0x0800025c   0x00000000   Code   RO         7302    .ARM.Collect$$libshutdown$$0000000F  c_w.l(libshutdown2.o)
    0x0800025c   0x0800025c   0x00000002   Code   RO         7303    .ARM.Collect$$libshutdown$$00000010  c_w.l(libshutdown2.o)
    0x0800025e   0x0800025e   0x00000000   Code   RO         7065    .ARM.Collect$$rtentry$$00000000  c_w.l(__rtentry.o)
    0x0800025e   0x0800025e   0x00000000   Code   RO         7163    .ARM.Collect$$rtentry$$00000002  c_w.l(__rtentry2.o)
    0x0800025e   0x0800025e   0x00000006   Code   RO         7175    .ARM.Collect$$rtentry$$00000004  c_w.l(__rtentry4.o)
    0x08000264   0x08000264   0x00000000   Code   RO         7165    .ARM.Collect$$rtentry$$00000009  c_w.l(__rtentry2.o)
    0x08000264   0x08000264   0x00000004   Code   RO         7166    .ARM.Collect$$rtentry$$0000000A  c_w.l(__rtentry2.o)
    0x08000268   0x08000268   0x00000000   Code   RO         7168    .ARM.Collect$$rtentry$$0000000C  c_w.l(__rtentry2.o)
    0x08000268   0x08000268   0x00000008   Code   RO         7169    .ARM.Collect$$rtentry$$0000000D  c_w.l(__rtentry2.o)
    0x08000270   0x08000270   0x00000002   Code   RO         7251    .ARM.Collect$$rtexit$$00000000  c_w.l(rtexit.o)
    0x08000272   0x08000272   0x00000000   Code   RO         7263    .ARM.Collect$$rtexit$$00000002  c_w.l(rtexit2.o)
    0x08000272   0x08000272   0x00000004   Code   RO         7264    .ARM.Collect$$rtexit$$00000003  c_w.l(rtexit2.o)
    0x08000276   0x08000276   0x00000006   Code   RO         7265    .ARM.Collect$$rtexit$$00000004  c_w.l(rtexit2.o)
    0x0800027c   0x0800027c   0x000000be   Code   RO         6826    .emb_text           port.o
    0x0800033a   0x0800033a   0x00000002   PAD
    0x0800033c   0x0800033c   0x00000040   Code   RO            4    .text               startup_stm32f407xx.o
    0x0800037c   0x0800037c   0x00000018   Code   RO         6909    .text               c_w.l(noretval__2printf.o)
    0x08000394   0x08000394   0x00000068   Code   RO         6911    .text               c_w.l(__printf.o)
    0x080003fc   0x080003fc   0x00000052   Code   RO         6913    .text               c_w.l(_printf_str.o)
    0x0800044e   0x0800044e   0x00000002   PAD
    0x08000450   0x08000450   0x00000078   Code   RO         6915    .text               c_w.l(_printf_dec.o)
    0x080004c8   0x080004c8   0x00000058   Code   RO         6920    .text               c_w.l(_printf_hex_int.o)
    0x08000520   0x08000520   0x00000014   Code   RO         6971    .text               c_w.l(strchr.o)
    0x08000534   0x08000534   0x0000008a   Code   RO         6979    .text               c_w.l(rt_memcpy_v6.o)
    0x080005be   0x080005be   0x00000064   Code   RO         6981    .text               c_w.l(rt_memcpy_w.o)
    0x08000622   0x08000622   0x00000010   Code   RO         6983    .text               c_w.l(aeabi_memset.o)
    0x08000632   0x08000632   0x00000044   Code   RO         6985    .text               c_w.l(rt_memclr.o)
    0x08000676   0x08000676   0x0000004e   Code   RO         6987    .text               c_w.l(rt_memclr_w.o)
    0x080006c4   0x080006c4   0x00000056   Code   RO         6989    .text               c_w.l(strncpy.o)
    0x0800071a   0x0800071a   0x00000006   Code   RO         6993    .text               c_w.l(heapauxi.o)
    0x08000720   0x08000720   0x000000b2   Code   RO         7077    .text               c_w.l(_printf_intcommon.o)
    0x080007d2   0x080007d2   0x0000002c   Code   RO         7081    .text               c_w.l(_printf_char.o)
    0x080007fe   0x080007fe   0x00000002   PAD
    0x08000800   0x08000800   0x00000024   Code   RO         7083    .text               c_w.l(_printf_char_file.o)
    0x08000824   0x08000824   0x00000008   Code   RO         7159    .text               c_w.l(libspace.o)
    0x0800082c   0x0800082c   0x00000030   Code   RO         7184    .text               c_w.l(_printf_char_common.o)
    0x0800085c   0x0800085c   0x00000008   Code   RO         7215    .text               c_w.l(ferror.o)
    0x08000864   0x08000864   0x0000004a   Code   RO         7231    .text               c_w.l(sys_stackheap_outer.o)
    0x080008ae   0x080008ae   0x00000012   Code   RO         7237    .text               c_w.l(exit.o)
    0x080008c0   0x080008c0   0x00000002   Code   RO         7259    .text               c_w.l(use_no_semi.o)
    0x080008c2   0x080008c2   0x00000000   Code   RO         7261    .text               c_w.l(indicate_semi.o)
    0x080008c2   0x080008c2   0x00000002   PAD
    0x080008c4   0x080008c4   0x0000000c   Code   RO         7275    .text               c_w.l(sys_exit.o)
    0x080008d0   0x080008d0   0x00000014   Code   RO          123    i.DMA_Cmd           stm32f4xx_dma.o
    0x080008e4   0x080008e4   0x00000124   Code   RO          124    i.DMA_DeInit        stm32f4xx_dma.o
    0x08000a08   0x08000a08   0x00000006   Code   RO          129    i.DMA_GetCurrDataCounter  stm32f4xx_dma.o
    0x08000a0e   0x08000a0e   0x0000002c   Code   RO          134    i.DMA_ITConfig      stm32f4xx_dma.o
    0x08000a3a   0x08000a3a   0x00000002   PAD
    0x08000a3c   0x08000a3c   0x00000054   Code   RO          135    i.DMA_Init          stm32f4xx_dma.o
    0x08000a90   0x08000a90   0x0000000a   Code   RO          136    i.DMA_MemoryTargetConfig  stm32f4xx_dma.o
    0x08000a9a   0x08000a9a   0x00000004   Code   RO          138    i.DMA_SetCurrDataCounter  stm32f4xx_dma.o
    0x08000a9e   0x08000a9e   0x00000022   Code   RO          139    i.DMA_StructInit    stm32f4xx_dma.o
    0x08000ac0   0x08000ac0   0x00000004   Code   RO         2904    i.EXTI0_IRQHandler  exti.o
    0x08000ac4   0x08000ac4   0x00000004   Code   RO         2905    i.EXTI15_10_IRQHandler  exti.o
    0x08000ac8   0x08000ac8   0x00000004   Code   RO         2906    i.EXTI1_IRQHandler  exti.o
    0x08000acc   0x08000acc   0x00000004   Code   RO         2907    i.EXTI2_IRQHandler  exti.o
    0x08000ad0   0x08000ad0   0x00000004   Code   RO         2908    i.EXTI3_IRQHandler  exti.o
    0x08000ad4   0x08000ad4   0x00000004   Code   RO         2909    i.EXTI4_IRQHandler  exti.o
    0x08000ad8   0x08000ad8   0x00000004   Code   RO         2910    i.EXTI9_5_IRQHandler  exti.o
    0x08000adc   0x08000adc   0x00000090   Code   RO         2911    i.EXTIConfig        exti.o
    0x08000b6c   0x08000b6c   0x00000020   Code   RO         2912    i.EXTIEnable        exti.o
    0x08000b8c   0x08000b8c   0x00000004   Code   RO         2913    i.EXTIHandlerInit   exti.o
    0x08000b90   0x08000b90   0x00000028   Code   RO         2914    i.EXTIInit          exti.o
    0x08000bb8   0x08000bb8   0x0000000c   Code   RO          254    i.EXTI_ClearITPendingBit  stm32f4xx_exti.o
    0x08000bc4   0x08000bc4   0x00000040   Code   RO         2916    i.EXTI_IRQHandler   exti.o
    0x08000c04   0x08000c04   0x00000070   Code   RO          259    i.EXTI_Init         stm32f4xx_exti.o
    0x08000c74   0x08000c74   0x00000094   Code   RO         2102    i.EnableGPIOClk     main.o
    0x08000d08   0x08000d08   0x000000a2   Code   RO          578    i.GPIO_Init         stm32f4xx_gpio.o
    0x08000daa   0x08000daa   0x00000020   Code   RO          579    i.GPIO_PinAFConfig  stm32f4xx_gpio.o
    0x08000dca   0x08000dca   0x00000012   Code   RO          587    i.GPIO_StructInit   stm32f4xx_gpio.o
    0x08000ddc   0x08000ddc   0x00000048   Code   RO         3092    i.IOConfigGPIO      io.o
    0x08000e24   0x08000e24   0x0000005c   Code   RO         3093    i.IOConfigGPIOAF    io.o
    0x08000e80   0x08000e80   0x0000006c   Code   RO         3094    i.IOGetByTag        io.o
    0x08000eec   0x08000eec   0x00000040   Code   RO         3095    i.IOGlobalInit      io.o
    0x08000f2c   0x08000f2c   0x0000000c   Code   RO         3096    i.IOHi              io.o
    0x08000f38   0x08000f38   0x00000006   Code   RO         3097    i.IOInit            io.o
    0x08000f3e   0x08000f3e   0x00000014   Code   RO         3101    i.IOToggle          io.o
    0x08000f52   0x08000f52   0x00000012   Code   RO         3102    i.IOWrite           io.o
    0x08000f64   0x08000f64   0x00000012   Code   RO         3103    i.IO_EXTI_Line      io.o
    0x08000f76   0x08000f76   0x00000004   Code   RO         3104    i.IO_EXTI_PinSource  io.o
    0x08000f7a   0x08000f7a   0x00000004   Code   RO         3105    i.IO_EXTI_PortSourceGPIO  io.o
    0x08000f7e   0x08000f7e   0x00000014   Code   RO         3107    i.IO_GPIOPinIdx     io.o
    0x08000f92   0x08000f92   0x00000002   PAD
    0x08000f94   0x08000f94   0x00000018   Code   RO         3108    i.IO_GPIOPortIdx    io.o
    0x08000fac   0x08000fac   0x00000004   Code   RO         3109    i.IO_GPIO_PinSource  io.o
    0x08000fb0   0x08000fb0   0x00000088   Code   RO         3232    i.LedInit           led.o
    0x08001038   0x08001038   0x00000028   Code   RO         3233    i.LedSet            led.o
    0x08001060   0x08001060   0x00000010   Code   RO         3234    i.LedToggle         led.o
    0x08001070   0x08001070   0x00000064   Code   RO           13    i.NVIC_Init         misc.o
    0x080010d4   0x080010d4   0x00000014   Code   RO           14    i.NVIC_PriorityGroupConfig  misc.o
    0x080010e8   0x080010e8   0x00000018   Code   RO          793    i.RCC_AHB1PeriphClockCmd  stm32f4xx_rcc.o
    0x08001100   0x08001100   0x00000018   Code   RO          795    i.RCC_AHB1PeriphResetCmd  stm32f4xx_rcc.o
    0x08001118   0x08001118   0x00000018   Code   RO          796    i.RCC_AHB2PeriphClockCmd  stm32f4xx_rcc.o
    0x08001130   0x08001130   0x00000018   Code   RO          802    i.RCC_APB1PeriphClockCmd  stm32f4xx_rcc.o
    0x08001148   0x08001148   0x00000018   Code   RO          804    i.RCC_APB1PeriphResetCmd  stm32f4xx_rcc.o
    0x08001160   0x08001160   0x00000018   Code   RO          805    i.RCC_APB2PeriphClockCmd  stm32f4xx_rcc.o
    0x08001178   0x08001178   0x00000018   Code   RO          807    i.RCC_APB2PeriphResetCmd  stm32f4xx_rcc.o
    0x08001190   0x08001190   0x00000010   Code   RO          810    i.RCC_ClearFlag     stm32f4xx_rcc.o
    0x080011a0   0x080011a0   0x00000024   Code   RO         3384    i.RCC_ClockCmd      rcc.o
    0x080011c4   0x080011c4   0x00000090   Code   RO          814    i.RCC_GetClocksFreq  stm32f4xx_rcc.o
    0x08001254   0x08001254   0x00000024   Code   RO         3385    i.RCC_ResetCmd      rcc.o
    0x08001278   0x08001278   0x00000020   Code   RO         4309    i.ResetLedStatusConfig  config.o
    0x08001298   0x08001298   0x0000002c   Code   RO         4310    i.ResetLedTimerConfig  config.o
    0x080012c4   0x080012c4   0x0000004c   Code   RO         4312    i.ResetMotorConfig  config.o
    0x08001310   0x08001310   0x0000003c   Code   RO         4313    i.ResetSerialConfig  config.o
    0x0800134c   0x0800134c   0x00000064   Code   RO         4314    i.ResetSerialPinConfig  config.o
    0x080013b0   0x080013b0   0x00000014   Code   RO         1137    i.SPI_Cmd           stm32f4xx_spi.o
    0x080013c4   0x080013c4   0x00000084   Code   RO         1144    i.SPI_I2S_DeInit    stm32f4xx_spi.o
    0x08001448   0x08001448   0x00000038   Code   RO         1150    i.SPI_Init          stm32f4xx_spi.o
    0x08001480   0x08001480   0x00000030   Code   RO         1302    i.SYSCFG_EXTILineConfig  stm32f4xx_syscfg.o
    0x080014b0   0x080014b0   0x000000b4   Code   RO         2418    i.SetSysClock       system_stm32f4xx.o
    0x08001564   0x08001564   0x00000014   Code   RO         2498    i.SysTick_Handler   system.o
    0x08001578   0x08001578   0x00000024   Code   RO         2499    i.SysTick_Init      system.o
    0x0800159c   0x0800159c   0x0000005c   Code   RO         2420    i.SystemInit        system_stm32f4xx.o
    0x080015f8   0x080015f8   0x00000010   Code   RO         4014    i.TIM1_CC_IRQHandler  timer.o
    0x08001608   0x08001608   0x00000010   Code   RO         4015    i.TIM2_IRQHandler   timer.o
    0x08001618   0x08001618   0x00000010   Code   RO         4016    i.TIM3_IRQHandler   timer.o
    0x08001628   0x08001628   0x00000010   Code   RO         4017    i.TIM4_IRQHandler   timer.o
    0x08001638   0x08001638   0x00000014   Code   RO         1373    i.TIM_Cmd           stm32f4xx_tim.o
    0x0800164c   0x0800164c   0x00000010   Code   RO         1398    i.TIM_ITConfig      stm32f4xx_tim.o
    0x0800165c   0x0800165c   0x0000007c   Code   RO         1445    i.TIM_TimeBaseInit  stm32f4xx_tim.o
    0x080016d8   0x080016d8   0x00000012   Code   RO         1446    i.TIM_TimeBaseStructInit  stm32f4xx_tim.o
    0x080016ea   0x080016ea   0x00000030   Code   RO         2103    i.TimerInitForFreeRTOS  main.o
    0x0800171a   0x0800171a   0x00000002   PAD
    0x0800171c   0x0800171c   0x00000010   Code   RO         3900    i.USART1_IRQHandler  serial_uart_stm32f4xx.o
    0x0800172c   0x0800172c   0x00000010   Code   RO         3901    i.USART3_IRQHandler  serial_uart_stm32f4xx.o
    0x0800173c   0x0800173c   0x00000010   Code   RO         3902    i.USART6_IRQHandler  serial_uart_stm32f4xx.o
    0x0800174c   0x0800174c   0x0000000c   Code   RO         1911    i.USART_ClearITPendingBit  stm32f4xx_usart.o
    0x08001758   0x08001758   0x00000014   Code   RO         1914    i.USART_Cmd         stm32f4xx_usart.o
    0x0800176c   0x0800176c   0x00000010   Code   RO         1915    i.USART_DMACmd      stm32f4xx_usart.o
    0x0800177c   0x0800177c   0x0000003e   Code   RO         1918    i.USART_GetITStatus  stm32f4xx_usart.o
    0x080017ba   0x080017ba   0x00000014   Code   RO         1919    i.USART_HalfDuplexCmd  stm32f4xx_usart.o
    0x080017ce   0x080017ce   0x00000030   Code   RO         1920    i.USART_ITConfig    stm32f4xx_usart.o
    0x080017fe   0x080017fe   0x00000002   PAD
    0x08001800   0x08001800   0x000000ac   Code   RO         1921    i.USART_Init        stm32f4xx_usart.o
    0x080018ac   0x080018ac   0x00000008   Code   RO         1931    i.USART_SendData    stm32f4xx_usart.o
    0x080018b4   0x080018b4   0x00000034   Code   RO         4315    i.activateConfig    config.o
    0x080018e8   0x080018e8   0x00000010   Code   RO         2849    i.btnIntExtiHandler  button.o
    0x080018f8   0x080018f8   0x00000054   Code   RO         2850    i.buttonInit        button.o
    0x0800194c   0x0800194c   0x00000004   Code   RO         4320    i.checkEEPROMContainsValidData  config.o
    0x08001950   0x08001950   0x0000004c   Code   RO         4018    i.configTimeBaseKhz  timer.o
    0x0800199c   0x0800199c   0x00000010   Code   RO         4321    i.constrain         config.o
    0x080019ac   0x080019ac   0x0000020c   Code   RO         4322    i.createDefaultConfig  config.o
    0x08001bb8   0x08001bb8   0x00000016   Code   RO         2500    i.delay             system.o
    0x08001bce   0x08001bce   0x00000002   PAD
    0x08001bd0   0x08001bd0   0x00000034   Code   RO         2501    i.delayMicroseconds  system.o
    0x08001c04   0x08001c04   0x00000014   Code   RO         5260    i.feature           feature.o
    0x08001c18   0x08001c18   0x00000010   Code   RO         5261    i.featureClear      feature.o
    0x08001c28   0x08001c28   0x00000014   Code   RO         5263    i.featureConfigured  feature.o
    0x08001c3c   0x08001c3c   0x00000010   Code   RO         5265    i.featureSet        feature.o
    0x08001c4c   0x08001c4c   0x00000028   Code   RO         3731    i.findNextSerialPortConfig  serial.o
    0x08001c74   0x08001c74   0x00000010   Code   RO         3732    i.findSerialPortConfig  serial.o
    0x08001c84   0x08001c84   0x0000001c   Code   RO         3733    i.findSerialPortIndexByIdentifier  serial.o
    0x08001ca0   0x08001ca0   0x00000028   Code   RO         3734    i.findSerialPortUsageByIdentifier  serial.o
    0x08001cc8   0x08001cc8   0x0000000e   Code   RO         2104    i.fputc             main.o
    0x08001cd6   0x08001cd6   0x00000002   PAD
    0x08001cd8   0x08001cd8   0x0000007c   Code   RO         4551    i.generateThrottleCurve  fc_rc.o
    0x08001d54   0x08001d54   0x00000002   Code   RO         5204    i.initEEPROM        config_eeprom.o
    0x08001d56   0x08001d56   0x00000006   Code   RO         5267    i.intFeatureClearAll  feature.o
    0x08001d5c   0x08001d5c   0x00000008   Code   RO         5268    i.intFeatureSet     feature.o
    0x08001d64   0x08001d64   0x00000026   Code   RO         4609    i.isModeActivationConditionPresent  rc_controls.o
    0x08001d8a   0x08001d8a   0x0000001a   Code   RO         3814    i.isUartTransmitBufferEmpty  serial_uart.o
    0x08001da4   0x08001da4   0x00000014   Code   RO         5269    i.latchActiveFeatures  feature.o
    0x08001db8   0x08001db8   0x000005a0   Code   RO         2105    i.list_task         main.o
    0x08002358   0x08002358   0x000000e8   Code   RO         2106    i.main              main.o
    0x08002440   0x08002440   0x00000054   Code   RO         2502    i.micros            system.o
    0x08002494   0x08002494   0x0000004c   Code   RO         2503    i.microsISR         system.o
    0x080024e0   0x080024e0   0x0000000c   Code   RO         2504    i.millis            system.o
    0x080024ec   0x080024ec   0x0000000c   Code   RO         5127    i.mixerUseConfigs   mixer.o
    0x080024f8   0x080024f8   0x00000004   Code   RO         5660    i.nullFrameStatus   rx.o
    0x080024fc   0x080024fc   0x00000004   Code   RO         5661    i.nullReadRawRC     rx.o
    0x08002500   0x08002500   0x0000006c   Code   RO         3736    i.openSerialPort    serial.o
    0x0800256c   0x0800256c   0x00000038   Code   RO         5662    i.parseRcChannels   rx.o
    0x080025a4   0x080025a4   0x00000070   Code   RO         6308    i.prvAddCurrentTaskToDelayedList  tasks.o
    0x08002614   0x08002614   0x000000d0   Code   RO         6309    i.prvAddNewTaskToReadyList  tasks.o
    0x080026e4   0x080026e4   0x00000050   Code   RO         6644    i.prvCheckForValidListAndQueue  timers.o
    0x08002734   0x08002734   0x00000026   Code   RO         6113    i.prvCopyDataFromQueue  queue.o
    0x0800275a   0x0800275a   0x0000006c   Code   RO         6114    i.prvCopyDataToQueue  queue.o
    0x080027c6   0x080027c6   0x00000014   Code   RO         6310    i.prvDeleteTCB      tasks.o
    0x080027da   0x080027da   0x00000002   PAD
    0x080027dc   0x080027dc   0x0000004c   Code   RO         6777    i.prvHeapInit       heap_4.o
    0x08002828   0x08002828   0x00000060   Code   RO         6311    i.prvIdleTask       tasks.o
    0x08002888   0x08002888   0x000000ae   Code   RO         6312    i.prvInitialiseNewTask  tasks.o
    0x08002936   0x08002936   0x00000002   PAD
    0x08002938   0x08002938   0x0000004c   Code   RO         6778    i.prvInsertBlockIntoFreeList  heap_4.o
    0x08002984   0x08002984   0x00000038   Code   RO         6645    i.prvInsertTimerInActiveList  timers.o
    0x080029bc   0x080029bc   0x0000001c   Code   RO         6115    i.prvIsQueueEmpty   queue.o
    0x080029d8   0x080029d8   0x000000b8   Code   RO         6646    i.prvProcessReceivedCommands  timers.o
    0x08002a90   0x08002a90   0x000000b4   Code   RO         6647    i.prvProcessTimerOrBlockTask  timers.o
    0x08002b44   0x08002b44   0x00000020   Code   RO         6314    i.prvResetNextTaskUnblockTime  tasks.o
    0x08002b64   0x08002b64   0x00000028   Code   RO         6648    i.prvSampleTimeNow  timers.o
    0x08002b8c   0x08002b8c   0x0000006c   Code   RO         6649    i.prvSwitchTimerLists  timers.o
    0x08002bf8   0x08002bf8   0x00000028   Code   RO         6827    i.prvTaskExitError  port.o
    0x08002c20   0x08002c20   0x00000024   Code   RO         6650    i.prvTimerTask      timers.o
    0x08002c44   0x08002c44   0x0000006a   Code   RO         6116    i.prvUnlockQueue    queue.o
    0x08002cae   0x08002cae   0x00000002   PAD
    0x08002cb0   0x08002cb0   0x000000d8   Code   RO         6779    i.pvPortMalloc      heap_4.o
    0x08002d88   0x08002d88   0x0000002c   Code   RO         6828    i.pxPortInitialiseStack  port.o
    0x08002db4   0x08002db4   0x0000001c   Code   RO         5206    i.readEEPROM        config_eeprom.o
    0x08002dd0   0x08002dd0   0x00000018   Code   RO         5664    i.resetAllRxChannelRangeConfigurations  rx.o
    0x08002de8   0x08002de8   0x00000018   Code   RO         4325    i.resetEEPROM       config.o
    0x08002e00   0x08002e00   0x000000c4   Code   RO         4326    i.resetPidProfile   config.o
    0x08002ec4   0x08002ec4   0x0000005c   Code   RO         4327    i.resetProfile      config.o
    0x08002f20   0x08002f20   0x00000010   Code   RO         4328    i.resetRcControlsConfig  config.o
    0x08002f30   0x08002f30   0x000000d8   Code   RO         5665    i.rxInit            rx.o
    0x08003008   0x08003008   0x0000002c   Code   RO         3510    i.rxSerial3TestInit  rxserial3test.o
    0x08003034   0x08003034   0x00000010   Code   RO         3512    i.rxSerial3TestWrite  rxserial3test.o
    0x08003044   0x08003044   0x00000050   Code   RO         5757    i.sbusDataReceiveCallBack  sbus.o
    0x08003094   0x08003094   0x000000d8   Code   RO         5758    i.sbusFrameStatus   sbus.o
    0x0800316c   0x0800316c   0x0000007c   Code   RO         5759    i.sbusInit          sbus.o
    0x080031e8   0x080031e8   0x0000001c   Code   RO         5760    i.sbusReadRawRC     sbus.o
    0x08003204   0x08003204   0x00000034   Code   RO         3737    i.serialInit        serial.o
    0x08003238   0x08003238   0x00000012   Code   RO         5667    i.serialRxInit      rx.o
    0x0800324a   0x0800324a   0x00000002   PAD
    0x0800324c   0x0800324c   0x00000110   Code   RO         3903    i.serialUART        serial_uart_stm32f4xx.o
    0x0800335c   0x0800335c   0x0000000c   Code   RO         3904    i.serialUART1       serial_uart_stm32f4xx.o
    0x08003368   0x08003368   0x0000000c   Code   RO         3905    i.serialUART3       serial_uart_stm32f4xx.o
    0x08003374   0x08003374   0x0000000c   Code   RO         3906    i.serialUART6       serial_uart_stm32f4xx.o
    0x08003380   0x08003380   0x00000006   Code   RO         3739    i.serialWrite       serial.o
    0x08003386   0x08003386   0x00000002   PAD
    0x08003388   0x08003388   0x00000034   Code   RO         4332    i.setProfile        config.o
    0x080033bc   0x080033bc   0x0000001c   Code   RO         2767    i.spiInit           bus_spi.o
    0x080033d8   0x080033d8   0x00000118   Code   RO         2768    i.spiInitDevice     bus_spi.o
    0x080034f0   0x080034f0   0x00000068   Code   RO         2107    i.start_task        main.o
    0x08003558   0x08003558   0x00000050   Code   RO         2108    i.systemInit        main.o
    0x080035a8   0x080035a8   0x00000036   Code   RO         4333    i.targetConfiguration  config.o
    0x080035de   0x080035de   0x00000012   Code   RO         2109    i.task1_task        main.o
    0x080035f0   0x080035f0   0x0000007a   Code   RO         4022    i.timCCxHandler     timer.o
    0x0800366a   0x0800366a   0x00000002   PAD
    0x0800366c   0x0800366c   0x0000003c   Code   RO         4179    i.timerClockDivisor  timer_stm32f4xx.o
    0x080036a8   0x080036a8   0x00000084   Code   RO         4031    i.timerInit         timer.o
    0x0800372c   0x0800372c   0x0000001c   Code   RO         4034    i.timerNVICConfigure4FreeRTOS  timer.o
    0x08003748   0x08003748   0x00000024   Code   RO         4037    i.timerRCC          timer.o
    0x0800376c   0x0800376c   0x00000096   Code   RO         3907    i.uartIrqHandler    serial_uart_stm32f4xx.o
    0x08003802   0x08003802   0x00000002   PAD
    0x08003804   0x08003804   0x00000174   Code   RO         3815    i.uartOpen          serial_uart.o
    0x08003978   0x08003978   0x0000002c   Code   RO         3816    i.uartRead          serial_uart.o
    0x080039a4   0x080039a4   0x0000008c   Code   RO         3817    i.uartReconfigure   serial_uart.o
    0x08003a30   0x08003a30   0x00000006   Code   RO         3818    i.uartSetBaudRate   serial_uart.o
    0x08003a36   0x08003a36   0x00000006   Code   RO         3819    i.uartSetMode       serial_uart.o
    0x08003a3c   0x08003a3c   0x0000004a   Code   RO         3820    i.uartStartTxDMA    serial_uart.o
    0x08003a86   0x08003a86   0x00000018   Code   RO         3821    i.uartTotalRxBytesWaiting  serial_uart.o
    0x08003a9e   0x08003a9e   0x00000026   Code   RO         3822    i.uartTotalTxBytesFree  serial_uart.o
    0x08003ac4   0x08003ac4   0x00000030   Code   RO         3823    i.uartWrite         serial_uart.o
    0x08003af4   0x08003af4   0x0000001c   Code   RO         4611    i.useRcControlsConfig  rc_controls.o
    0x08003b10   0x08003b10   0x00000026   Code   RO         6076    i.uxListRemove      list.o
    0x08003b36   0x08003b36   0x00000016   Code   RO         6077    i.vListInitialise   list.o
    0x08003b4c   0x08003b4c   0x00000006   Code   RO         6078    i.vListInitialiseItem  list.o
    0x08003b52   0x08003b52   0x00000030   Code   RO         6079    i.vListInsert       list.o
    0x08003b82   0x08003b82   0x00000018   Code   RO         6080    i.vListInsertEnd    list.o
    0x08003b9a   0x08003b9a   0x00000002   PAD
    0x08003b9c   0x08003b9c   0x00000040   Code   RO         6830    i.vPortEnterCritical  port.o
    0x08003bdc   0x08003bdc   0x00000028   Code   RO         6831    i.vPortExitCritical  port.o
    0x08003c04   0x08003c04   0x0000005c   Code   RO         6780    i.vPortFree         heap_4.o
    0x08003c60   0x08003c60   0x00000024   Code   RO         6832    i.vPortSetupTimerInterrupt  port.o
    0x08003c84   0x08003c84   0x00000054   Code   RO         6833    i.vPortValidateInterruptPriority  port.o
    0x08003cd8   0x08003cd8   0x00000028   Code   RO         6122    i.vQueueAddToRegistry  queue.o
    0x08003d00   0x08003d00   0x00000044   Code   RO         6126    i.vQueueWaitForMessageRestricted  queue.o
    0x08003d44   0x08003d44   0x0000004c   Code   RO         6324    i.vTaskDelay        tasks.o
    0x08003d90   0x08003d90   0x000000ac   Code   RO         6326    i.vTaskDelete       tasks.o
    0x08003e3c   0x08003e3c   0x00000010   Code   RO         6329    i.vTaskInternalSetTimeOutState  tasks.o
    0x08003e4c   0x08003e4c   0x0000000c   Code   RO         6330    i.vTaskMissedYield  tasks.o
    0x08003e58   0x08003e58   0x00000030   Code   RO         6332    i.vTaskPlaceOnEventList  tasks.o
    0x08003e88   0x08003e88   0x00000038   Code   RO         6333    i.vTaskPlaceOnEventListRestricted  tasks.o
    0x08003ec0   0x08003ec0   0x00000070   Code   RO         6341    i.vTaskStartScheduler  tasks.o
    0x08003f30   0x08003f30   0x00000010   Code   RO         6343    i.vTaskSuspendAll   tasks.o
    0x08003f40   0x08003f40   0x0000005c   Code   RO         6344    i.vTaskSwitchContext  tasks.o
    0x08003f9c   0x08003f9c   0x00000040   Code   RO         4334    i.validateAndFixConfig  config.o
    0x08003fdc   0x08003fdc   0x0000002c   Code   RO         4335    i.validateAndFixGyroConfig  config.o
    0x08004008   0x08004008   0x000000f4   Code   RO         6834    i.xPortStartScheduler  port.o
    0x080040fc   0x080040fc   0x0000002c   Code   RO         6835    i.xPortSysTickHandler  port.o
    0x08004128   0x08004128   0x00000052   Code   RO         6129    i.xQueueGenericCreate  queue.o
    0x0800417a   0x0800417a   0x00000002   PAD
    0x0800417c   0x0800417c   0x00000088   Code   RO         6130    i.xQueueGenericReset  queue.o
    0x08004204   0x08004204   0x00000160   Code   RO         6131    i.xQueueGenericSend  queue.o
    0x08004364   0x08004364   0x000000bc   Code   RO         6132    i.xQueueGenericSendFromISR  queue.o
    0x08004420   0x08004420   0x00000138   Code   RO         6139    i.xQueueReceive     queue.o
    0x08004558   0x08004558   0x00000074   Code   RO         6345    i.xTaskCheckForTimeOut  tasks.o
    0x080045cc   0x080045cc   0x00000056   Code   RO         6346    i.xTaskCreate       tasks.o
    0x08004622   0x08004622   0x00000002   PAD
    0x08004624   0x08004624   0x0000001c   Code   RO         6350    i.xTaskGetSchedulerState  tasks.o
    0x08004640   0x08004640   0x0000000c   Code   RO         6351    i.xTaskGetTickCount  tasks.o
    0x0800464c   0x0800464c   0x000000c8   Code   RO         6353    i.xTaskIncrementTick  tasks.o
    0x08004714   0x08004714   0x00000098   Code   RO         6356    i.xTaskPriorityDisinherit  tasks.o
    0x080047ac   0x080047ac   0x00000074   Code   RO         6358    i.xTaskRemoveFromEventList  tasks.o
    0x08004820   0x08004820   0x000000c4   Code   RO         6359    i.xTaskResumeAll    tasks.o
    0x080048e4   0x080048e4   0x0000004c   Code   RO         6656    i.xTimerCreateTimerTask  timers.o
    0x08004930   0x08004930   0x00000060   Code   RO         6657    i.xTimerGenericCommand  timers.o
    0x08004990   0x08004990   0x0000000a   Code   RO         7227    x$fpl$fpinit        fz_wm.l(fpinit.o)
    0x0800499a   0x0800499a   0x00000002   PAD
    0x0800499c   0x0800499c   0x000000a8   Data   RO         2461    .constdata          target.o
    0x08004a44   0x08004a44   0x0000001a   Data   RO         2775    .constdata          bus_spi.o
    0x08004a5e   0x08004a5e   0x00000001   Data   RO         2854    .constdata          button.o
    0x08004a5f   0x08004a5f   0x00000017   Data   RO         2918    .constdata          exti.o
    0x08004a76   0x08004a76   0x00000016   Data   RO         3113    .constdata          io.o
    0x08004a8c   0x08004a8c   0x00000003   Data   RO         3741    .constdata          serial.o
    0x08004a8f   0x08004a8f   0x00000001   PAD
    0x08004a90   0x08004a90   0x00000028   Data   RO         3824    .constdata          serial_uart.o
    0x08004ab8   0x08004ab8   0x00000070   Data   RO         4180    .constdata          timer_stm32f4xx.o
    0x08004b28   0x08004b28   0x0000001c   Data   RO         5670    .constdata          rx.o
    0x08004b44   0x08004b44   0x00000028   Data   RO         6921    .constdata          c_w.l(_printf_hex_int.o)
    0x08004b6c   0x08004b6c   0x00000020   Data   RO         7320    Region$$Table       anon$$obj.o


    Execution Region RW_IRAM1 (Exec base: 0x20000000, Load base: 0x08004b8c, Size: 0x00014ba8, Max: 0x00020000, ABSOLUTE, COMPRESSED[0x00000098])

    Exec Addr    Load Addr    Size         Type   Attr      Idx    E Section Name        Object

    0x20000000   COMPRESSED   0x00000010   Data   RW          846    .data               stm32f4xx_rcc.o
    0x20000010   COMPRESSED   0x00000010   Data   RW         2111    .data               main.o
    0x20000020   COMPRESSED   0x00000004   Data   RW         2112    .data               main.o
    0x20000024   COMPRESSED   0x00000014   Data   RW         2422    .data               system_stm32f4xx.o
    0x20000038   COMPRESSED   0x0000000c   Data   RW         2506    .data               system.o
    0x20000044   COMPRESSED   0x00000020   Data   RW         2776    .data               bus_spi.o
    0x20000064   COMPRESSED   0x00000007   Data   RW         2919    .data               exti.o
    0x2000006b   COMPRESSED   0x00000001   Data   RW         3236    .data               led.o
    0x2000006c   COMPRESSED   0x00000004   Data   RW         3513    .data               rxserial3test.o
    0x20000070   COMPRESSED   0x00000008   Data   RW         3743    .data               serial.o
    0x20000078   COMPRESSED   0x0000047c   Data   RW         3908    .data               serial_uart_stm32f4xx.o
    0x200004f4   COMPRESSED   0x0000047c   Data   RW         3909    .data               serial_uart_stm32f4xx.o
    0x20000970   COMPRESSED   0x0000047c   Data   RW         3910    .data               serial_uart_stm32f4xx.o
    0x20000dec   COMPRESSED   0x00000018   Data   RW         3911    .data               serial_uart_stm32f4xx.o
    0x20000e04   COMPRESSED   0x00000006   Data   RW         4039    .data               timer.o
    0x20000e0a   COMPRESSED   0x00000002   PAD
    0x20000e0c   COMPRESSED   0x0000000c   Data   RW         4337    .data               config.o
    0x20000e18   COMPRESSED   0x00000008   Data   RW         4505    .data               fc_core.o
    0x20000e20   COMPRESSED   0x0000000c   Data   RW         4612    .data               rc_controls.o
    0x20000e2c   COMPRESSED   0x0000001c   Data   RW         5131    .data               mixer.o
    0x20000e48   COMPRESSED   0x00000004   Data   RW         5270    .data               feature.o
    0x20000e4c   COMPRESSED   0x00000020   Data   RW         5672    .data               rx.o
    0x20000e6c   COMPRESSED   0x00000008   Data   RW         5762    .data               sbus.o
    0x20000e74   COMPRESSED   0x00000001   Data   RW         5797    .data               debug.o
    0x20000e75   COMPRESSED   0x00000003   PAD
    0x20000e78   COMPRESSED   0x0000003c   Data   RW         6362    .data               tasks.o
    0x20000eb4   COMPRESSED   0x00000014   Data   RW         6663    .data               timers.o
    0x20000ec8   COMPRESSED   0x00000018   Data   RW         6785    .data               heap_4.o
    0x20000ee0   COMPRESSED   0x0000000c   Data   RW         6836    .data               port.o
    0x20000eec        -       0x00000050   Zero   RW         2110    .bss                main.o
    0x20000f3c        -       0x00000010   Zero   RW         2505    .bss                system.o
    0x20000f4c        -       0x0000000c   Zero   RW         2853    .bss                button.o
    0x20000f58        -       0x00000040   Zero   RW         2917    .bss                exti.o
    0x20000f98        -       0x00000280   Zero   RW         3112    .bss                io.o
    0x20001218        -       0x00000010   Zero   RW         3235    .bss                led.o
    0x20001228        -       0x00000024   Zero   RW         3740    .bss                serial.o
    0x2000124c        -       0x000000fe   Zero   RW         4038    .bss                timer.o
    0x2000134a   COMPRESSED   0x00000002   PAD
    0x2000134c        -       0x00000374   Zero   RW         4336    .bss                config.o
    0x200016c0        -       0x00000018   Zero   RW         4554    .bss                fc_rc.o
    0x200016d8        -       0x000000dc   Zero   RW         5669    .bss                rx.o
    0x200017b4        -       0x00000064   Zero   RW         5761    .bss                sbus.o
    0x20001818        -       0x00000040   Zero   RW         6143    .bss                queue.o
    0x20001858        -       0x000000c8   Zero   RW         6361    .bss                tasks.o
    0x20001920        -       0x00000028   Zero   RW         6662    .bss                timers.o
    0x20001948        -       0x00012c00   Zero   RW         6784    .bss                heap_4.o
    0x20014548        -       0x00000060   Zero   RW         7160    .bss                c_w.l(libspace.o)
    0x200145a8        -       0x00000200   Zero   RW            2    HEAP                startup_stm32f407xx.o
    0x200147a8        -       0x00000400   Zero   RW            1    STACK               startup_stm32f407xx.o


==============================================================================

Image component sizes


      Code (inc. data)   RO Data    RW Data    ZI Data      Debug   Object Name

         0          0          0          0          0       3140   accgyro_mpu.o
         0          0          0          0          0       1736   accgyro_spi_mpu9250.o
       308         26         26         32          0       3342   bus_spi.o
       100         16          1          0         12       3479   button.o
      1450         96          0         12        884      15916   config.o
        30          4          0          0          0       1050   config_eeprom.o
         0          0          0          1          0        582   debug.o
         0          0          0          0          0       8076   event_groups.o
       312         32         23          7         64       7938   exti.o
         0          0          0          8          0       1827   fc_core.o
       124          8          0          0         24       1616   fc_rc.o
       106         30          0          4          0       4719   feature.o
         0          0          0          0          0       3302   gps.o
       460         24          0         24      76800       4635   heap_4.o
       466         38         22          0        640      17380   io.o
       192         22          0          1         16       2455   led.o
       138          0          0          0          0       3422   list.o
      2084        904          0         20         80      74282   main.o
       120         14          0          0          0     316335   misc.o
        12          4          0         28          0       3121   mixer.o
       786         82          0         12          0      11997   port.o
         0          0          0          0          0       2845   pwm.o
         0          0          0          0          0       1753   pwm_output.o
      1458         20          0          0         64      16202   queue.o
        66          6          0         12          0       4549   rc_controls.o
        72          0          0          0          0       1342   rcc.o
       322         42         28         32        220       9970   rx.o
        60         10          0          4          0       1781   rxserial3test.o
       448         44          0          8        100       4347   sbus.o
       290         46          3          8         36       9130   serial.o
       778         12         40          0          0       9253   serial_uart.o
       506         26          0       3468          0       6976   serial_uart_stm32f4xx.o
        64         26        392          0       1536        916   startup_stm32f407xx.o
       494         24          0          0          0       7017   stm32f4xx_dma.o
       124         10          0          0          0       1781   stm32f4xx_exti.o
       212          0          0          0          0       2645   stm32f4xx_gpio.o
       328         58          0         16          0       8539   stm32f4xx_rcc.o
       208         24          0          0          0       2794   stm32f4xx_spi.o
        48          6          0          0          0        752   stm32f4xx_syscfg.o
       178         28          0          0          0       4400   stm32f4xx_tim.o
       358          8          0          0          0       6850   stm32f4xx_usart.o
       302         36          0         12         16       7358   system.o
       272         36          0         20          0       2249   system_stm32f4xx.o
         0          0        168          0          0       2379   target.o
      2148        170          0         60        200      25358   tasks.o
       458         60          0          6        254       8106   timer.o
        60         22        112          0          0       2967   timer_stm32f4xx.o
       856         82          0         20         40      22215   timers.o

    ----------------------------------------------------------------------
     16832       2096        848       3820      80988     664824   Object Totals
         0          0         32          0          0          0   (incl. Generated)
        34          0          1          5          2          0   (incl. Padding)

    ----------------------------------------------------------------------

      Code (inc. data)   RO Data    RW Data    ZI Data      Debug   Library Member Name

        90          0          0          0          0          0   __dczerorl2.o
         8          0          0          0          0         68   __main.o
       104          0          0          0          0         84   __printf.o
         0          0          0          0          0          0   __rtentry.o
        12          0          0          0          0          0   __rtentry2.o
         6          0          0          0          0          0   __rtentry4.o
        52          8          0          0          0          0   __scatter.o
        28          0          0          0          0          0   __scatter_zi.o
        44          0          0          0          0        108   _printf_char.o
        48          6          0          0          0         96   _printf_char_common.o
        36          4          0          0          0         80   _printf_char_file.o
         6          0          0          0          0          0   _printf_d.o
       120         16          0          0          0         92   _printf_dec.o
        88          4         40          0          0         88   _printf_hex_int.o
       178          0          0          0          0         88   _printf_intcommon.o
         0          0          0          0          0          0   _printf_percent.o
         4          0          0          0          0          0   _printf_percent_end.o
         6          0          0          0          0          0   _printf_s.o
        82          0          0          0          0         80   _printf_str.o
         6          0          0          0          0          0   _printf_x.o
        16          0          0          0          0         68   aeabi_memset.o
        18          0          0          0          0         80   exit.o
         8          0          0          0          0         68   ferror.o
         6          0          0          0          0        152   heapauxi.o
         0          0          0          0          0          0   indicate_semi.o
         2          0          0          0          0          0   libinit.o
         6          0          0          0          0          0   libinit2.o
         2          0          0          0          0          0   libshutdown.o
         2          0          0          0          0          0   libshutdown2.o
         8          4          0          0         96         68   libspace.o
        24          4          0          0          0         84   noretval__2printf.o
        68          0          0          0          0         68   rt_memclr.o
        78          0          0          0          0         80   rt_memclr_w.o
       138          0          0          0          0         68   rt_memcpy_v6.o
       100          0          0          0          0         80   rt_memcpy_w.o
         2          0          0          0          0          0   rtexit.o
        10          0          0          0          0          0   rtexit2.o
        20          0          0          0          0         68   strchr.o
        86          0          0          0          0         76   strncpy.o
        12          4          0          0          0         68   sys_exit.o
        74          0          0          0          0         80   sys_stackheap_outer.o
         2          0          0          0          0         68   use_no_semi.o
        10          0          0          0          0        116   fpinit.o

    ----------------------------------------------------------------------
      1620         50         40          0         96       2076   Library Totals
        10          0          0          0          0          0   (incl. Padding)

    ----------------------------------------------------------------------

      Code (inc. data)   RO Data    RW Data    ZI Data      Debug   Library Name

      1600         50         40          0         96       1960   c_w.l
        10          0          0          0          0        116   fz_wm.l

    ----------------------------------------------------------------------
      1620         50         40          0         96       2076   Library Totals

    ----------------------------------------------------------------------

==============================================================================


      Code (inc. data)   RO Data    RW Data    ZI Data      Debug   

     18452       2146        888       3820      81084     643760   Grand Totals
     18452       2146        888        152      81084     643760   ELF Image Totals (compressed)
     18452       2146        888        152          0          0   ROM Totals

==============================================================================

    Total RO  Size (Code + RO Data)                19340 (  18.89kB)
    Total RW  Size (RW Data + ZI Data)             84904 (  82.91kB)
    Total ROM Size (Code + RO Data + RW Data)      19492 (  19.04kB)

==============================================================================

